Archive member included to satisfy reference by file (symbol)

c:/program files (x86)/embeddedide/gcc-arm-embedded/bin/../lib/gcc/arm-none-eabi/6.3.1/thumb/v7e-m/fpv4-sp/hard\libgcc.a(_aeabi_uldivmod.o)
                              out/libs/lpc_chip_43xx/src/i2s_18xx_43xx.o (__aeabi_uldivmod)
c:/program files (x86)/embeddedide/gcc-arm-embedded/bin/../lib/gcc/arm-none-eabi/6.3.1/thumb/v7e-m/fpv4-sp/hard\libgcc.a(_udivmoddi4.o)
                              c:/program files (x86)/embeddedide/gcc-arm-embedded/bin/../lib/gcc/arm-none-eabi/6.3.1/thumb/v7e-m/fpv4-sp/hard\libgcc.a(_aeabi_uldivmod.o) (__udivmoddi4)
c:/program files (x86)/embeddedide/gcc-arm-embedded/bin/../lib/gcc/arm-none-eabi/6.3.1/thumb/v7e-m/fpv4-sp/hard\libgcc.a(_dvmd_tls.o)
                              c:/program files (x86)/embeddedide/gcc-arm-embedded/bin/../lib/gcc/arm-none-eabi/6.3.1/thumb/v7e-m/fpv4-sp/hard\libgcc.a(_aeabi_uldivmod.o) (__aeabi_ldiv0)
c:/program files (x86)/embeddedide/gcc-arm-embedded/bin/../lib/gcc/arm-none-eabi/6.3.1/../../../../arm-none-eabi/lib/thumb/v7e-m/fpv4-sp/hard\libc_nano.a(lib_a-memcpy-stub.o)
                              out/libs/lpc_chip_43xx/src/ring_buffer.o (memcpy)
c:/program files (x86)/embeddedide/gcc-arm-embedded/bin/../lib/gcc/arm-none-eabi/6.3.1/../../../../arm-none-eabi/lib/thumb/v7e-m/fpv4-sp/hard\libc_nano.a(lib_a-memset.o)
                              out/libs/lpc_chip_43xx/src/clock_18xx_43xx.o (memset)

Allocating common symbols
Common symbol       size              file

SystemCoreClock     0x4               out/libs/lpc_chip_43xx/src/chip_18xx_43xx.o
tickCounter         0x8               out/libs/sapi/src/sapi_tick.o
tickRateMS          0x8               out/libs/sapi/src/sapi_tick.o

Discarded input sections

 .group         0x00000000        0x8 out/app/src/CIAA7segment.o
 .group         0x00000000        0x8 out/app/src/CIAA7segment.o
 .group         0x00000000        0x8 out/app/src/CIAA7segment.o
 .group         0x00000000        0x8 out/app/src/CIAA7segment.o
 .group         0x00000000        0x8 out/app/src/CIAA7segment.o
 .group         0x00000000        0x8 out/app/src/CIAA7segment.o
 .group         0x00000000        0x8 out/app/src/CIAA7segment.o
 .group         0x00000000        0x8 out/app/src/CIAA7segment.o
 .group         0x00000000        0x8 out/app/src/CIAA7segment.o
 .group         0x00000000        0x8 out/app/src/CIAA7segment.o
 .group         0x00000000        0x8 out/app/src/CIAA7segment.o
 .group         0x00000000        0x8 out/app/src/CIAA7segment.o
 .group         0x00000000        0x8 out/app/src/CIAA7segment.o
 .group         0x00000000        0x8 out/app/src/CIAA7segment.o
 .group         0x00000000        0x8 out/app/src/CIAA7segment.o
 .group         0x00000000        0x8 out/app/src/CIAA7segment.o
 .group         0x00000000        0x8 out/app/src/CIAA7segment.o
 .group         0x00000000        0x8 out/app/src/CIAA7segment.o
 .group         0x00000000        0x8 out/app/src/CIAA7segment.o
 .group         0x00000000        0x8 out/app/src/CIAA7segment.o
 .group         0x00000000        0x8 out/app/src/CIAA7segment.o
 .group         0x00000000        0x8 out/app/src/CIAA7segment.o
 .group         0x00000000        0x8 out/app/src/CIAA7segment.o
 .group         0x00000000        0x8 out/app/src/CIAA7segment.o
 .group         0x00000000        0x8 out/app/src/CIAA7segment.o
 .group         0x00000000        0x8 out/app/src/CIAA7segment.o
 .group         0x00000000        0x8 out/app/src/CIAA7segment.o
 .group         0x00000000        0x8 out/app/src/CIAA7segment.o
 .group         0x00000000        0x8 out/app/src/CIAA7segment.o
 .group         0x00000000        0x8 out/app/src/CIAA7segment.o
 .group         0x00000000        0x8 out/app/src/CIAA7segment.o
 .group         0x00000000        0x8 out/app/src/CIAA7segment.o
 .group         0x00000000        0x8 out/app/src/CIAA7segment.o
 .group         0x00000000        0x8 out/app/src/CIAA7segment.o
 .group         0x00000000        0x8 out/app/src/CIAA7segment.o
 .group         0x00000000        0x8 out/app/src/CIAA7segment.o
 .group         0x00000000        0x8 out/app/src/CIAA7segment.o
 .group         0x00000000        0x8 out/app/src/CIAA7segment.o
 .group         0x00000000        0x8 out/app/src/CIAA7segment.o
 .group         0x00000000        0x8 out/app/src/CIAA7segment.o
 .group         0x00000000        0x8 out/app/src/CIAA7segment.o
 .group         0x00000000        0x8 out/app/src/CIAA7segment.o
 .group         0x00000000        0x8 out/app/src/CIAA7segment.o
 .group         0x00000000        0x8 out/app/src/CIAA7segment.o
 .group         0x00000000        0x8 out/app/src/CIAA7segment.o
 .group         0x00000000        0x8 out/app/src/CIAA7segment.o
 .group         0x00000000        0x8 out/app/src/CIAA7segment.o
 .group         0x00000000        0x8 out/app/src/CIAA7segment.o
 .group         0x00000000        0x8 out/app/src/CIAA7segment.o
[...]
Memory Configuration

Name             Origin             Length             Attributes
MFlashA512       0x1a000000         0x00080000         xr
MFlashB512       0x1b000000         0x00080000         xr
RamLoc32         0x10000000         0x00008000         xrw
RamLoc40         0x10080000         0x0000a000         xrw
RamAHB32         0x20000000         0x00008000         xrw
RamAHB16         0x20008000         0x00004000         xrw
RamAHB_ETB16     0x2000c000         0x00004000         xrw
*default*        0x00000000         0xffffffff

Linker script and memory map

LOAD out/app/src/CIAA7segment.o
LOAD out/libs/lpc_chip_43xx/src/adc_18xx_43xx.o
LOAD out/libs/lpc_chip_43xx/src/aes_18xx_43xx.o
LOAD out/libs/lpc_chip_43xx/src/atimer_18xx_43xx.o
LOAD out/libs/lpc_chip_43xx/src/ccan_18xx_43xx.o
LOAD out/libs/lpc_chip_43xx/src/chip_18xx_43xx.o
LOAD out/libs/lpc_chip_43xx/src/clock_18xx_43xx.o
LOAD out/libs/lpc_chip_43xx/src/dac_18xx_43xx.o
LOAD out/libs/lpc_chip_43xx/src/eeprom_18xx_43xx.o
LOAD out/libs/lpc_chip_43xx/src/emc_18xx_43xx.o
LOAD out/libs/lpc_chip_43xx/src/enet_18xx_43xx.o
LOAD out/libs/lpc_chip_43xx/src/evrt_18xx_43xx.o
LOAD out/libs/lpc_chip_43xx/src/fpu_init.o
LOAD out/libs/lpc_chip_43xx/src/gpdma_18xx_43xx.o
LOAD out/libs/lpc_chip_43xx/src/gpio_18xx_43xx.o
LOAD out/libs/lpc_chip_43xx/src/gpiogroup_18xx_43xx.o
LOAD out/libs/lpc_chip_43xx/src/hsadc_18xx_43xx.o
LOAD out/libs/lpc_chip_43xx/src/i2c_18xx_43xx.o
LOAD out/libs/lpc_chip_43xx/src/i2cm_18xx_43xx.o
LOAD out/libs/lpc_chip_43xx/src/i2s_18xx_43xx.o
LOAD out/libs/lpc_chip_43xx/src/iap_18xx_43xx.o
LOAD out/libs/lpc_chip_43xx/src/lcd_18xx_43xx.o
LOAD out/libs/lpc_chip_43xx/src/otp_18xx_43xx.o
LOAD out/libs/lpc_chip_43xx/src/pinint_18xx_43xx.o
LOAD out/libs/lpc_chip_43xx/src/pmc_18xx_43xx.o
LOAD out/libs/lpc_chip_43xx/src/ring_buffer.o
LOAD out/libs/lpc_chip_43xx/src/ritimer_18xx_43xx.o
LOAD out/libs/lpc_chip_43xx/src/rtc_18xx_43xx.o
LOAD out/libs/lpc_chip_43xx/src/sct_18xx_43xx.o
LOAD out/libs/lpc_chip_43xx/src/sct_pwm_18xx_43xx.o
LOAD out/libs/lpc_chip_43xx/src/sdif_18xx_43xx.o
LOAD out/libs/lpc_chip_43xx/src/sdio_18xx_43xx.o
LOAD out/libs/lpc_chip_43xx/src/sdmmc_18xx_43xx.o
LOAD out/libs/lpc_chip_43xx/src/spi_18xx_43xx.o
LOAD out/libs/lpc_chip_43xx/src/ssp_18xx_43xx.o
LOAD out/libs/lpc_chip_43xx/src/stopwatch_18xx_43xx.o
LOAD out/libs/lpc_chip_43xx/src/sysinit_18xx_43xx.o
LOAD out/libs/lpc_chip_43xx/src/timer_18xx_43xx.o
LOAD out/libs/lpc_chip_43xx/src/uart_18xx_43xx.o
LOAD out/libs/lpc_chip_43xx/src/wwdt_18xx_43xx.o
LOAD out/libs/lpc_board_ciaa_edu_4337/src/board.o
LOAD out/libs/lpc_board_ciaa_edu_4337/src/board_sysinit.o
LOAD out/libs/lpc_board_ciaa_edu_4337/src/cr_startup_lpc43xx.o
LOAD out/libs/lpc_board_ciaa_edu_4337/src/crp.o
LOAD out/libs/lpc_board_ciaa_edu_4337/src/sysinit.o
LOAD out/libs/lpc_board_ciaa_edu_4337/src/system.o
LOAD out/libs/sapi/src/sapi_7_segment_display.o
LOAD out/libs/sapi/src/sapi_adc.o
LOAD out/libs/sapi/src/sapi_board.o
LOAD out/libs/sapi/src/sapi_dac.o
LOAD out/libs/sapi/src/sapi_datatypes.o
LOAD out/libs/sapi/src/sapi_delay.o
LOAD out/libs/sapi/src/sapi_gpio.o
LOAD out/libs/sapi/src/sapi_hmc5883l.o
LOAD out/libs/sapi/src/sapi_i2c.o
LOAD out/libs/sapi/src/sapi_keypad.o
LOAD out/libs/sapi/src/sapi_pwm.o
LOAD out/libs/sapi/src/sapi_rtc.o
LOAD out/libs/sapi/src/sapi_sct.o
LOAD out/libs/sapi/src/sapi_servo.o
LOAD out/libs/sapi/src/sapi_sleep.o
LOAD out/libs/sapi/src/sapi_spi.o
LOAD out/libs/sapi/src/sapi_tick.o
LOAD out/libs/sapi/src/sapi_timer.o
LOAD out/libs/sapi/src/sapi_uart.o
START GROUP
LOAD c:/program files (x86)/embeddedide/gcc-arm-embedded/bin/../lib/gcc/arm-none-eabi/6.3.1/thumb/v7e-m/fpv4-sp/hard\libgcc.a
LOAD c:/program files (x86)/embeddedide/gcc-arm-embedded/bin/../lib/gcc/arm-none-eabi/6.3.1/../../../../arm-none-eabi/lib/thumb/v7e-m/fpv4-sp/hard\libc_nano.a
END GROUP
START GROUP
LOAD c:/program files (x86)/embeddedide/gcc-arm-embedded/bin/../lib/gcc/arm-none-eabi/6.3.1/thumb/v7e-m/fpv4-sp/hard\libgcc.a
LOAD c:/program files (x86)/embeddedide/gcc-arm-embedded/bin/../lib/gcc/arm-none-eabi/6.3.1/../../../../arm-none-eabi/lib/thumb/v7e-m/fpv4-sp/hard\libc_nano.a
END GROUP
START GROUP
LOAD c:/program files (x86)/embeddedide/gcc-arm-embedded/bin/../lib/gcc/arm-none-eabi/6.3.1/thumb/v7e-m/fpv4-sp/hard\libgcc.a
LOAD c:/program files (x86)/embeddedide/gcc-arm-embedded/bin/../lib/gcc/arm-none-eabi/6.3.1/../../../../arm-none-eabi/lib/thumb/v7e-m/fpv4-sp/hard\libc.a
LOAD c:/program files (x86)/embeddedide/gcc-arm-embedded/bin/../lib/gcc/arm-none-eabi/6.3.1/../../../../arm-none-eabi/lib/thumb/v7e-m/fpv4-sp/hard\libm.a
END GROUP
                0x1a080000                __top_MFlashA512 = 0x1a080000
                0x1b080000                __top_MFlashB512 = 0x1b080000
                0x10008000                __top_RamLoc32 = 0x10008000
                0x1008a000                __top_RamLoc40 = 0x1008a000
                0x20008000                __top_RamAHB32 = 0x20008000
                0x2000c000                __top_RamAHB16 = 0x2000c000
                0x20010000                __top_RamAHB_ETB16 = 0x20010000

.text_Flash2    0x1b000000        0x0
 FILL mask 0xff
 *(.text_Flash2*)
 *(.text_MFlashB512*)
 *(.text.$Flash2*)
 *(.text.$MFlashB512*)
 *(.rodata.$Flash2*)
 *(.rodata.$MFlashB512*)

.text           0x1a000000     0x1d1c
 FILL mask 0xff
                0x1a000000                __vectors_start__ = ABSOLUTE (.)
 *(.isr_vector)
 .isr_vector    0x1a000000      0x114 out/libs/lpc_board_ciaa_edu_4337/src/cr_startup_lpc43xx.o
                0x1a000000                g_pfnVectors
                0x1a000114                . = ALIGN (0x4)
                0x1a000114                __section_table_start = .
                0x1a000114                __data_section_table = .
                0x1a000114        0x4 LONG 0x1a001d24 LOADADDR (.data)
                0x1a000118        0x4 LONG 0x10000000 ADDR (.data)
                0x1a00011c        0x4 LONG 0x58 SIZEOF (.data)
                0x1a000120        0x4 LONG 0x1a001d24 LOADADDR (.data_RAM2)
                0x1a000124        0x4 LONG 0x10080000 ADDR (.data_RAM2)
                0x1a000128        0x4 LONG 0x0 SIZEOF (.data_RAM2)
                0x1a00012c        0x4 LONG 0x1a001d24 LOADADDR (.data_RAM3)
                0x1a000130        0x4 LONG 0x20000000 ADDR (.data_RAM3)
                0x1a000134        0x4 LONG 0x0 SIZEOF (.data_RAM3)
                0x1a000138        0x4 LONG 0x1a001d24 LOADADDR (.data_RAM4)
                0x1a00013c        0x4 LONG 0x20008000 ADDR (.data_RAM4)
                0x1a000140        0x4 LONG 0x0 SIZEOF (.data_RAM4)
                0x1a000144        0x4 LONG 0x1a001d24 LOADADDR (.data_RAM5)
                0x1a000148        0x4 LONG 0x2000c000 ADDR (.data_RAM5)
                0x1a00014c        0x4 LONG 0x0 SIZEOF (.data_RAM5)
                0x1a000150                __data_section_table_end = .
                0x1a000150                __bss_section_table = .
                0x1a000150        0x4 LONG 0x10000058 ADDR (.bss)
                0x1a000154        0x4 LONG 0x28 SIZEOF (.bss)
                0x1a000158        0x4 LONG 0x10080000 ADDR (.bss_RAM2)
                0x1a00015c        0x4 LONG 0x0 SIZEOF (.bss_RAM2)
                0x1a000160        0x4 LONG 0x20000000 ADDR (.bss_RAM3)
                0x1a000164        0x4 LONG 0x0 SIZEOF (.bss_RAM3)
                0x1a000168        0x4 LONG 0x20008000 ADDR (.bss_RAM4)
                0x1a00016c        0x4 LONG 0x0 SIZEOF (.bss_RAM4)
                0x1a000170        0x4 LONG 0x2000c000 ADDR (.bss_RAM5)
                0x1a000174        0x4 LONG 0x0 SIZEOF (.bss_RAM5)
                0x1a000178                __bss_section_table_end = .
                0x1a000178                __section_table_end = .
 *(.after_vectors*)
 .after_vectors
                0x1a000178       0x44 out/libs/lpc_board_ciaa_edu_4337/src/cr_startup_lpc43xx.o
                0x1a000178                NMI_Handler
                0x1a00017a                HardFault_Handler
                0x1a00017c                MemManage_Handler
                0x1a00017e                BusFault_Handler
                0x1a000180                UsageFault_Handler
                0x1a000182                SVC_Handler
                0x1a000184                DebugMon_Handler
                0x1a000186                PendSV_Handler
                0x1a00018a                ATIMER_IRQHandler
                0x1a00018a                SDIO_IRQHandler
                0x1a00018a                I2C1_IRQHandler
                0x1a00018a                UART1_IRQHandler
                0x1a00018a                GPIO5_IRQHandler
                0x1a00018a                CAN1_IRQHandler
                0x1a00018a                USB1_IRQHandler
                0x1a00018a                I2S0_IRQHandler
                0x1a00018a                GINT1_IRQHandler
                0x1a00018a                SGPIO_IRQHandler
                0x1a00018a                ADC0_IRQHandler
                0x1a00018a                I2C0_IRQHandler
                0x1a00018a                GPIO6_IRQHandler
                0x1a00018a                IntDefaultHandler
                0x1a00018a                GPIO1_IRQHandler
                0x1a00018a                SSP0_IRQHandler
                0x1a00018a                ADC1_IRQHandler
                0x1a00018a                FLASH_EEPROM_IRQHandler
                0x1a00018a                SPI_IRQHandler
                0x1a00018a                LCD_IRQHandler
                0x1a00018a                M0APP_IRQHandler
                0x1a00018a                GPIO2_IRQHandler
                0x1a00018a                I2S1_IRQHandler
                0x1a00018a                SSP1_IRQHandler
                0x1a00018a                USB0_IRQHandler
                0x1a00018a                GPIO3_IRQHandler
                0x1a00018a                SCT_IRQHandler
                0x1a00018a                ADCHS_IRQHandler
                0x1a00018a                WDT_IRQHandler
                0x1a00018a                RIT_IRQHandler
                0x1a00018a                GPIO7_IRQHandler
                0x1a00018a                SPIFI_IRQHandler
                0x1a00018a                QEI_IRQHandler
                0x1a00018a                ETH_IRQHandler
                0x1a00018a                CAN0_IRQHandler
                0x1a00018a                GINT0_IRQHandler
                0x1a00018a                DAC_IRQHandler
                0x1a00018a                M0SUB_IRQHandler
                0x1a00018a                GPIO0_IRQHandler
                0x1a00018a                DMA_IRQHandler
                0x1a00018a                EVRT_IRQHandler
                0x1a00018a                RTC_IRQHandler
                0x1a00018a                MCPWM_IRQHandler
                0x1a00018a                GPIO4_IRQHandler
                0x1a00018c                data_init
                0x1a0001aa                bss_init
 .after_vectors
                0x1a0001bc        0x2 out/libs/sapi/src/sapi_uart.o
                0x1a0001bc                UART0_IRQHandler
                0x000002fc                . = 0x2fc
 *fill*         0x1a0001be      0x13e ff
                0x1a0002fc                PROVIDE (__CRP_WORD_START__, .)
 *(.crp)
 .crp           0x1a0002fc        0x4 out/libs/lpc_board_ciaa_edu_4337/src/crp.o
                0x1a0002fc                CRP_WORD
                0x1a000300                PROVIDE (__CRP_WORD_END__, .)
                0x00000001                ASSERT (! ((__CRP_WORD_START__ == __CRP_WORD_END__)), Linker CRP Enabled, but no CRP_WORD provided within application)
 *(.text*)
 .text.SACANUMERO
                0x1a000300       0x58 out/app/src/CIAA7segment.o
                0x1a000300                SACANUMERO
 .text.CONFIGDISPLAY
                0x1a000358       0xc4 out/app/src/CIAA7segment.o
                0x1a000358                CONFIGDISPLAY
 .text.CONVIERTEWORD
                0x1a00041c       0x74 out/app/src/CIAA7segment.o
                0x1a00041c                CONVIERTEWORD
 .text.IntTimer
                0x1a000490       0xd4 out/app/src/CIAA7segment.o
                0x1a000490                IntTimer
 .text.main     0x1a000564       0x20 out/app/src/CIAA7segment.o
                0x1a000564                main
 .text.Chip_ADC_GetClockIndex
                0x1a000584       0x14 out/libs/lpc_chip_43xx/src/adc_18xx_43xx.o
 .text.getClkDiv
                0x1a000598       0x32 out/libs/lpc_chip_43xx/src/adc_18xx_43xx.o
 .text.setStartMode
                0x1a0005ca        0xe out/libs/lpc_chip_43xx/src/adc_18xx_43xx.o
                0x1a0005ca                setStartMode
 .text.readAdcVal
                0x1a0005d8       0x18 out/libs/lpc_chip_43xx/src/adc_18xx_43xx.o
                0x1a0005d8                readAdcVal
 .text.Chip_ADC_Init
                0x1a0005f0       0x40 out/libs/lpc_chip_43xx/src/adc_18xx_43xx.o
                0x1a0005f0                Chip_ADC_Init
 .text.Chip_ADC_DeInit
                0x1a000630       0x16 out/libs/lpc_chip_43xx/src/adc_18xx_43xx.o
                0x1a000630                Chip_ADC_DeInit
 .text.Chip_ADC_ReadValue
                0x1a000646        0x8 out/libs/lpc_chip_43xx/src/adc_18xx_43xx.o
                0x1a000646                Chip_ADC_ReadValue
 .text.Chip_ADC_ReadStatus
                0x1a00064e       0x36 out/libs/lpc_chip_43xx/src/adc_18xx_43xx.o
                0x1a00064e                Chip_ADC_ReadStatus
 .text.Chip_ADC_Int_SetChannelCmd
                0x1a000684       0x20 out/libs/lpc_chip_43xx/src/adc_18xx_43xx.o
                0x1a000684                Chip_ADC_Int_SetChannelCmd
 .text.Chip_ADC_SetStartMode
                0x1a0006a4       0x20 out/libs/lpc_chip_43xx/src/adc_18xx_43xx.o
                0x1a0006a4                Chip_ADC_SetStartMode
 .text.Chip_ADC_SetSampleRate
                0x1a0006c4       0x32 out/libs/lpc_chip_43xx/src/adc_18xx_43xx.o
                0x1a0006c4                Chip_ADC_SetSampleRate
 .text.Chip_ADC_EnableChannel
                0x1a0006f6       0x28 out/libs/lpc_chip_43xx/src/adc_18xx_43xx.o
                0x1a0006f6                Chip_ADC_EnableChannel
 .text.Chip_ADC_SetBurstCmd
                0x1a00071e       0x22 out/libs/lpc_chip_43xx/src/adc_18xx_43xx.o
                0x1a00071e                Chip_ADC_SetBurstCmd
 .text.SystemCoreClockUpdate
                0x1a000740       0x14 out/libs/lpc_chip_43xx/src/chip_18xx_43xx.o
                0x1a000740                SystemCoreClockUpdate
 .text.pll_calc_divs
                0x1a000754       0xa0 out/libs/lpc_chip_43xx/src/clock_18xx_43xx.o
 .text.pll_get_frac
                0x1a0007f4      0x100 out/libs/lpc_chip_43xx/src/clock_18xx_43xx.o
 .text.Chip_Clock_FindBaseClock
                0x1a0008f4       0x4c out/libs/lpc_chip_43xx/src/clock_18xx_43xx.o
 .text.Chip_Clock_EnableCrystal
                0x1a000940       0x4c out/libs/lpc_chip_43xx/src/clock_18xx_43xx.o
                0x1a000940                Chip_Clock_EnableCrystal
 .text.Chip_Clock_GetDividerSource
                0x1a00098c       0x1c out/libs/lpc_chip_43xx/src/clock_18xx_43xx.o
                0x1a00098c                Chip_Clock_GetDividerSource
 .text.Chip_Clock_GetDividerDivisor
                0x1a0009a8       0x1c out/libs/lpc_chip_43xx/src/clock_18xx_43xx.o
                0x1a0009a8                Chip_Clock_GetDividerDivisor
 .text.Chip_Clock_GetClockInputHz
                0x1a0009c4       0xb8 out/libs/lpc_chip_43xx/src/clock_18xx_43xx.o
                0x1a0009c4                Chip_Clock_GetClockInputHz
 .text.Chip_Clock_CalcMainPLLValue
                0x1a000a7c       0x80 out/libs/lpc_chip_43xx/src/clock_18xx_43xx.o
                0x1a000a7c                Chip_Clock_CalcMainPLLValue
 .text.Chip_Clock_GetMainPLLHz
                0x1a000afc       0x6c out/libs/lpc_chip_43xx/src/clock_18xx_43xx.o
                0x1a000afc                Chip_Clock_GetMainPLLHz
 .text.Chip_Clock_GetDivRate
                0x1a000b68       0x22 out/libs/lpc_chip_43xx/src/clock_18xx_43xx.o
 *fill*         0x1a000b8a        0x2 ff
 .text.Chip_Clock_SetBaseClock
                0x1a000b8c       0x58 out/libs/lpc_chip_43xx/src/clock_18xx_43xx.o
                0x1a000b8c                Chip_Clock_SetBaseClock
 .text.Chip_Clock_GetBaseClock
                0x1a000be4       0x26 out/libs/lpc_chip_43xx/src/clock_18xx_43xx.o
                0x1a000be4                Chip_Clock_GetBaseClock
 .text.Chip_Clock_GetBaseClocktHz
                0x1a000c0a        0xc out/libs/lpc_chip_43xx/src/clock_18xx_43xx.o
                0x1a000c0a                Chip_Clock_GetBaseClocktHz
 *fill*         0x1a000c16        0x2 ff
 .text.Chip_Clock_EnableOpts
                0x1a000c18       0x3c out/libs/lpc_chip_43xx/src/clock_18xx_43xx.o
                0x1a000c18                Chip_Clock_EnableOpts
 .text.Chip_Clock_Disable
                0x1a000c54       0x34 out/libs/lpc_chip_43xx/src/clock_18xx_43xx.o
                0x1a000c54                Chip_Clock_Disable
 .text.Chip_Clock_GetRate
                0x1a000c88       0x4c out/libs/lpc_chip_43xx/src/clock_18xx_43xx.o
                0x1a000c88                Chip_Clock_GetRate
 .text.fpuInit  0x1a000cd4       0x54 out/libs/lpc_chip_43xx/src/fpu_init.o
                0x1a000cd4                fpuInit
 .text.Chip_GPIO_Init
                0x1a000d28        0x2 out/libs/lpc_chip_43xx/src/gpio_18xx_43xx.o
                0x1a000d28                Chip_GPIO_Init
 .text.Chip_GPIO_SetDir
                0x1a000d2a       0x24 out/libs/lpc_chip_43xx/src/gpio_18xx_43xx.o
                0x1a000d2a                Chip_GPIO_SetDir
 *fill*         0x1a000d4e        0x2 ff
 .text.Chip_SetupCoreClock
                0x1a000d50      0x158 out/libs/lpc_chip_43xx/src/sysinit_18xx_43xx.o
                0x1a000d50                Chip_SetupCoreClock
 .text.Chip_UART_GetIndex
                0x1a000ea8       0x2c out/libs/lpc_chip_43xx/src/uart_18xx_43xx.o
 .text.Chip_UART_Init
                0x1a000ed4       0x54 out/libs/lpc_chip_43xx/src/uart_18xx_43xx.o
                0x1a000ed4                Chip_UART_Init
 .text.Chip_UART_SetBaudFDR
                0x1a000f28       0xe8 out/libs/lpc_chip_43xx/src/uart_18xx_43xx.o
                0x1a000f28                Chip_UART_SetBaudFDR
 .text.Board_LED_Init
                0x1a001010       0x44 out/libs/lpc_board_ciaa_edu_4337/src/board.o
 .text.Board_UART_Init
                0x1a001054       0x14 out/libs/lpc_board_ciaa_edu_4337/src/board.o
                0x1a001054                Board_UART_Init
 .text.Board_Debug_Init
                0x1a001068       0x28 out/libs/lpc_board_ciaa_edu_4337/src/board.o
                0x1a001068                Board_Debug_Init
 .text.Board_Init
                0x1a001090       0x28 out/libs/lpc_board_ciaa_edu_4337/src/board.o
                0x1a001090                Board_Init
 .text.Board_SetupMuxing
                0x1a0010b8       0x38 out/libs/lpc_board_ciaa_edu_4337/src/board_sysinit.o
                0x1a0010b8                Board_SetupMuxing
 .text.Board_SetupClocking
                0x1a0010f0       0x6c out/libs/lpc_board_ciaa_edu_4337/src/board_sysinit.o
                0x1a0010f0                Board_SetupClocking
 .text.Board_SystemInit
                0x1a00115c        0xc out/libs/lpc_board_ciaa_edu_4337/src/board_sysinit.o
                0x1a00115c                Board_SystemInit
 .text.ResetISR
                0x1a001168       0x7c out/libs/lpc_board_ciaa_edu_4337/src/cr_startup_lpc43xx.o
                0x1a001168                ResetISR
 .text.SystemInit
                0x1a0011e4        0xc out/libs/lpc_board_ciaa_edu_4337/src/sysinit.o
                0x1a0011e4                SystemInit
 .text.adcConfig
                0x1a0011f0       0x8c out/libs/sapi/src/sapi_adc.o
                0x1a0011f0                adcConfig
 .text.adcRead  0x1a00127c       0x58 out/libs/sapi/src/sapi_adc.o
                0x1a00127c                adcRead
 .text.boardConfig
                0x1a0012d4       0xee out/libs/sapi/src/sapi_board.o
                0x1a0012d4                boardConfig
 .text.sAPI_NullFuncPtr
                0x1a0013c2        0x4 out/libs/sapi/src/sapi_datatypes.o
                0x1a0013c2                sAPI_NullFuncPtr
 *fill*         0x1a0013c6        0x2 ff
 .text.gpioObtainPinConfig
                0x1a0013c8       0x34 out/libs/sapi/src/sapi_gpio.o
 .text.gpioConfig
                0x1a0013fc      0x174 out/libs/sapi/src/sapi_gpio.o
                0x1a0013fc                gpioConfig
 .text.gpioWrite
                0x1a001570       0x56 out/libs/sapi/src/sapi_gpio.o
                0x1a001570                gpioWrite
 *fill*         0x1a0015c6        0x2 ff
 .text.tickConfig
                0x1a0015c8       0x78 out/libs/sapi/src/sapi_tick.o
                0x1a0015c8                tickConfig
 .text.SysTick_Handler
                0x1a001640       0x24 out/libs/sapi/src/sapi_tick.o
                0x1a001640                SysTick_Handler
 .text.errorOcurred
                0x1a001664        0x2 out/libs/sapi/src/sapi_timer.o
 .text.doNothing
                0x1a001666        0x2 out/libs/sapi/src/sapi_timer.o
 .text.TIMER0_IRQHandler
                0x1a001668       0x40 out/libs/sapi/src/sapi_timer.o
                0x1a001668                TIMER0_IRQHandler
 .text.TIMER1_IRQHandler
                0x1a0016a8       0x40 out/libs/sapi/src/sapi_timer.o
                0x1a0016a8                TIMER1_IRQHandler
 .text.TIMER2_IRQHandler
                0x1a0016e8       0x44 out/libs/sapi/src/sapi_timer.o
                0x1a0016e8                TIMER2_IRQHandler
 .text.TIMER3_IRQHandler
                0x1a00172c       0x44 out/libs/sapi/src/sapi_timer.o
                0x1a00172c                TIMER3_IRQHandler
 .text.UART2_IRQHandler
                0x1a001770        0x2 out/libs/sapi/src/sapi_uart.o
                0x1a001770                UART2_IRQHandler
 .text.UART3_IRQHandler
                0x1a001772        0x2 out/libs/sapi/src/sapi_uart.o
                0x1a001772                UART3_IRQHandler
 .text          0x1a001774       0x30 c:/program files (x86)/embeddedide/gcc-arm-embedded/bin/../lib/gcc/arm-none-eabi/6.3.1/thumb/v7e-m/fpv4-sp/hard\libgcc.a(_aeabi_uldivmod.o)
                0x1a001774                __aeabi_uldivmod
 .text          0x1a0017a4      0x2dc c:/program files (x86)/embeddedide/gcc-arm-embedded/bin/../lib/gcc/arm-none-eabi/6.3.1/thumb/v7e-m/fpv4-sp/hard\libgcc.a(_udivmoddi4.o)
                0x1a0017a4                __udivmoddi4
 .text          0x1a001a80        0x4 c:/program files (x86)/embeddedide/gcc-arm-embedded/bin/../lib/gcc/arm-none-eabi/6.3.1/thumb/v7e-m/fpv4-sp/hard\libgcc.a(_dvmd_tls.o)
                0x1a001a80                __aeabi_idiv0
                0x1a001a80                __aeabi_ldiv0
 .text.memset   0x1a001a84       0x10 c:/program files (x86)/embeddedide/gcc-arm-embedded/bin/../lib/gcc/arm-none-eabi/6.3.1/../../../../arm-none-eabi/lib/thumb/v7e-m/fpv4-sp/hard\libc_nano.a(lib_a-memset.o)
                0x1a001a84                memset
 *(.rodata .rodata.* .constdata .constdata.*)
 .rodata        0x1a001a94        0x4 out/libs/lpc_chip_43xx/src/clock_18xx_43xx.o
 .rodata.Chip_Clock_SetDivider.str1.4
                0x1a001a98        0x8 out/libs/lpc_chip_43xx/src/clock_18xx_43xx.o
                                  0x6 (size before relaxing)
 .rodata.periph_to_base
                0x1a001aa0       0x6c out/libs/lpc_chip_43xx/src/clock_18xx_43xx.o
 .rodata.InitClkStates
                0x1a001b0c       0x48 out/libs/lpc_chip_43xx/src/sysinit_18xx_43xx.o
 .rodata.UART_BClock
                0x1a001b54        0x8 out/libs/lpc_chip_43xx/src/uart_18xx_43xx.o
 .rodata.UART_PClock
                0x1a001b5c        0x8 out/libs/lpc_chip_43xx/src/uart_18xx_43xx.o
 .rodata.ExtRateIn
                0x1a001b64        0x4 out/libs/lpc_board_ciaa_edu_4337/src/board.o
                0x1a001b64                ExtRateIn
 .rodata.OscRateIn
                0x1a001b68        0x4 out/libs/lpc_board_ciaa_edu_4337/src/board.o
                0x1a001b68                OscRateIn
 .rodata.gpioLEDBits
                0x1a001b6c        0xc out/libs/lpc_board_ciaa_edu_4337/src/board.o
 .rodata.InitClkStates
                0x1a001b78        0xc out/libs/lpc_board_ciaa_edu_4337/src/board_sysinit.o
 .rodata.pinmuxing
                0x1a001b84       0x60 out/libs/lpc_board_ciaa_edu_4337/src/board_sysinit.o
 .rodata.gpioPinsConfig
                0x1a001be4      0x136 out/libs/sapi/src/sapi_gpio.o
                0x1a001be4                gpioPinsConfig
                0x1a001d1c                . = ALIGN (0x4)
 *fill*         0x1a001d1a        0x2 ff

.glue_7         0x1a001d1c        0x0
 .glue_7        0x1a001d1c        0x0 linker stubs

.glue_7t        0x1a001d1c        0x0
 .glue_7t       0x1a001d1c        0x0 linker stubs

.vfp11_veneer   0x1a001d1c        0x0
 .vfp11_veneer  0x1a001d1c        0x0 linker stubs

.v4_bx          0x1a001d1c        0x0
 .v4_bx         0x1a001d1c        0x0 linker stubs

.iplt           0x1a001d1c        0x0
 .iplt          0x1a001d1c        0x0 out/app/src/CIAA7segment.o

.ARM.extab
 *(.ARM.extab* .gnu.linkonce.armextab.*)
                0x1a001d1c                __exidx_start = .

.ARM.exidx      0x1a001d1c        0x8
 *(.ARM.exidx* .gnu.linkonce.armexidx.*)
 .ARM.exidx     0x1a001d1c        0x8 c:/program files (x86)/embeddedide/gcc-arm-embedded/bin/../lib/gcc/arm-none-eabi/6.3.1/thumb/v7e-m/fpv4-sp/hard\libgcc.a(_udivmoddi4.o)
                0x1a001d24                __exidx_end = .
                0x1a001d24                _etext = .

.rel.dyn        0x1a001d24        0x0
 .rel.iplt      0x1a001d24        0x0 out/app/src/CIAA7segment.o

.data_RAM2      0x10080000        0x0 load address 0x1a001d24
 FILL mask 0xff
 *(.ramfunc.$RAM2)
 *(.ramfunc.$RamLoc40)
 *(.data.$RAM2*)
 *(.data.$RamLoc40*)
                0x10080000                . = ALIGN (0x4)

.data_RAM3      0x20000000        0x0 load address 0x1a001d24
 FILL mask 0xff
 *(.ramfunc.$RAM3)
 *(.ramfunc.$RamAHB32)
 *(.data.$RAM3*)
 *(.data.$RamAHB32*)
                0x20000000                . = ALIGN (0x4)

.data_RAM4      0x20008000        0x0 load address 0x1a001d24
 FILL mask 0xff
 *(.ramfunc.$RAM4)
 *(.ramfunc.$RamAHB16)
 *(.data.$RAM4*)
 *(.data.$RamAHB16*)
                0x20008000                . = ALIGN (0x4)

.data_RAM5      0x2000c000        0x0 load address 0x1a001d24
 FILL mask 0xff
 *(.ramfunc.$RAM5)
 *(.ramfunc.$RamAHB_ETB16)
 *(.data.$RAM5*)
 *(.data.$RamAHB_ETB16*)
                0x2000c000                . = ALIGN (0x4)

.uninit_RESERVED
                0x10000000        0x0
 *(.bss.$RESERVED*)
                0x10000000                . = ALIGN (0x4)
                0x10000000                _end_uninit_RESERVED = .

.data           0x10000000       0x58 load address 0x1a001d24
 FILL mask 0xff
                0x10000000                _data = .
 *(vtable)
 *(.ramfunc*)
 *(.data*)
 .data.numeroadisplayB
                0x10000000        0xa out/app/src/CIAA7segment.o
                0x10000000                numeroadisplayB
 *fill*         0x1000000a        0x2 ff
 .data.segmentosdisplayB
                0x1000000c        0x8 out/app/src/CIAA7segment.o
                0x1000000c                segmentosdisplayB
 .data.tickHookFunction
                0x10000014        0x4 out/libs/sapi/src/sapi_tick.o
                0x10000014                tickHookFunction
 .data.timer_dd
                0x10000018       0x40 out/libs/sapi/src/sapi_timer.o
                0x10000058                . = ALIGN (0x4)
                0x10000058                _edata = .

.igot.plt       0x10000058        0x0 load address 0x1a001d7c
 .igot.plt      0x10000058        0x0 out/app/src/CIAA7segment.o

.bss_RAM2       0x10080000        0x0
 *(.bss.$RAM2*)
 *(.bss.$RamLoc40*)
                0x10080000                . = ALIGN (0x4)

.bss_RAM3       0x20000000        0x0
 *(.bss.$RAM3*)
 *(.bss.$RamAHB32*)
                0x20000000                . = ALIGN (0x4)

.bss_RAM4       0x20008000        0x0
 *(.bss.$RAM4*)
 *(.bss.$RamAHB16*)
                0x20008000                . = ALIGN (0x4)

.bss_RAM5       0x2000c000        0x0
 *(.bss.$RAM5*)
 *(.bss.$RamAHB_ETB16*)
                0x2000c000                . = ALIGN (0x4)

.bss            0x10000058       0x28
                0x10000058                _bss = .
 *(.bss*)
 .bss.centenasB
                0x10000058        0x1 out/app/src/CIAA7segment.o
                0x10000058                centenasB
 .bss.countproB
                0x10000059        0x1 out/app/src/CIAA7segment.o
                0x10000059                countproB
 .bss.decenasB  0x1000005a        0x1 out/app/src/CIAA7segment.o
                0x1000005a                decenasB
 .bss.secuenciaB
                0x1000005b        0x1 out/app/src/CIAA7segment.o
                0x1000005b                secuenciaB
 .bss.unidadesB
                0x1000005c        0x1 out/app/src/CIAA7segment.o
                0x1000005c                unidadesB
 .bss.unidadesmilB
                0x1000005d        0x1 out/app/src/CIAA7segment.o
                0x1000005d                unidadesmilB
 .bss.valorADch1W
                0x1000005e        0x2 out/app/src/CIAA7segment.o
                0x1000005e                valorADch1W
 .bss.audio_usb_pll_freq
                0x10000060        0x8 out/libs/lpc_chip_43xx/src/clock_18xx_43xx.o
 *(COMMON)
 COMMON         0x10000068        0x4 out/libs/lpc_chip_43xx/src/chip_18xx_43xx.o
                0x10000068                SystemCoreClock
 *fill*         0x1000006c        0x4 
 COMMON         0x10000070       0x10 out/libs/sapi/src/sapi_tick.o
                0x10000070                tickCounter
                0x10000078                tickRateMS
                0x10000080                . = ALIGN (0x4)
                0x10000080                _ebss = .
                [!provide]                PROVIDE (end, .)

.noinit_RAM2    0x10080000        0x0
 *(.noinit.$RAM2*)
 *(.noinit.$RamLoc40*)
                0x10080000                . = ALIGN (0x4)

.noinit_RAM3    0x20000000        0x0
 *(.noinit.$RAM3*)
 *(.noinit.$RamAHB32*)
                0x20000000                . = ALIGN (0x4)

.noinit_RAM4    0x20008000        0x0
 *(.noinit.$RAM4*)
 *(.noinit.$RamAHB16*)
                0x20008000                . = ALIGN (0x4)

.noinit_RAM5    0x2000c000        0x0
 *(.noinit.$RAM5*)
 *(.noinit.$RamAHB_ETB16*)
                0x2000c000                . = ALIGN (0x4)

.noinit         0x10000080        0x0
                0x10000080                _noinit = .
 *(.noinit*)
                0x10000080                . = ALIGN (0x4)
                0x10000080                _end_noinit = .
                0x10000080                PROVIDE (_pvHeapStart, .)
                0x10008000                PROVIDE (_vStackTop, (__top_RamLoc32 - 0x0))
                0x53ff6726                PROVIDE (__valid_user_code_checksum, (0x0 - ((((((_vStackTop + (ResetISR + 0x1)) + (NMI_Handler + 0x1)) + (HardFault_Handler + 0x1)) + (DEFINED (MemManage_Handler)?MemManage_Handler:0x0 + 0x1)) + (DEFINED (BusFault_Handler)?BusFault_Handler:0x0 + 0x1)) + (DEFINED (UsageFault_Handler)?UsageFault_Handler:0x0 + 0x1))))
OUTPUT(out/programa.elf elf32-littlearm)

.debug_info     0x00000000    0x13387
 .debug_info    0x00000000     0x156b out/app/src/CIAA7segment.o
 .debug_info    0x0000156b      0xaed out/libs/lpc_chip_43xx/src/adc_18xx_43xx.o
 .debug_info    0x00002058      0xc3b out/libs/lpc_chip_43xx/src/chip_18xx_43xx.o
 .debug_info    0x00002c93     0x18e4 out/libs/lpc_chip_43xx/src/clock_18xx_43xx.o
 .debug_info    0x00004577      0x14c out/libs/lpc_chip_43xx/src/fpu_init.o
 .debug_info    0x000046c3      0x4c8 out/libs/lpc_chip_43xx/src/gpio_18xx_43xx.o
 .debug_info    0x00004b8b      0xb07 out/libs/lpc_chip_43xx/src/sysinit_18xx_43xx.o
 .debug_info    0x00005692     0x164c out/libs/lpc_chip_43xx/src/uart_18xx_43xx.o
 .debug_info    0x00006cde     0x212f out/libs/lpc_board_ciaa_edu_4337/src/board.o
 .debug_info    0x00008e0d     0x14b0 out/libs/lpc_board_ciaa_edu_4337/src/board_sysinit.o
 .debug_info    0x0000a2bd      0x2ec out/libs/lpc_board_ciaa_edu_4337/src/cr_startup_lpc43xx.o
 .debug_info    0x0000a5a9       0x3f out/libs/lpc_board_ciaa_edu_4337/src/crp.o
 .debug_info    0x0000a5e8      0x95e out/libs/lpc_board_ciaa_edu_4337/src/sysinit.o
 .debug_info    0x0000af46      0xe21 out/libs/sapi/src/sapi_adc.o
 .debug_info    0x0000bd67      0xdc8 out/libs/sapi/src/sapi_board.o
 .debug_info    0x0000cb2f      0x957 out/libs/sapi/src/sapi_datatypes.o
 .debug_info    0x0000d486     0x19d5 out/libs/sapi/src/sapi_gpio.o
 .debug_info    0x0000ee5b     0x1438 out/libs/sapi/src/sapi_tick.o
 .debug_info    0x00010293     0x1c99 out/libs/sapi/src/sapi_timer.o
 .debug_info    0x00011f2c     0x145b out/libs/sapi/src/sapi_uart.o

.debug_abbrev   0x00000000     0x2fc3
 .debug_abbrev  0x00000000      0x2d1 out/app/src/CIAA7segment.o
 .debug_abbrev  0x000002d1      0x1f5 out/libs/lpc_chip_43xx/src/adc_18xx_43xx.o
 .debug_abbrev  0x000004c6      0x1bf out/libs/lpc_chip_43xx/src/chip_18xx_43xx.o
 .debug_abbrev  0x00000685      0x36f out/libs/lpc_chip_43xx/src/clock_18xx_43xx.o
 .debug_abbrev  0x000009f4       0xa2 out/libs/lpc_chip_43xx/src/fpu_init.o
 .debug_abbrev  0x00000a96      0x172 out/libs/lpc_chip_43xx/src/gpio_18xx_43xx.o
 .debug_abbrev  0x00000c08      0x20a out/libs/lpc_chip_43xx/src/sysinit_18xx_43xx.o
 .debug_abbrev  0x00000e12      0x3b3 out/libs/lpc_chip_43xx/src/uart_18xx_43xx.o
 .debug_abbrev  0x000011c5      0x3d6 out/libs/lpc_board_ciaa_edu_4337/src/board.o
 .debug_abbrev  0x0000159b      0x2f8 out/libs/lpc_board_ciaa_edu_4337/src/board_sysinit.o
 .debug_abbrev  0x00001893      0x114 out/libs/lpc_board_ciaa_edu_4337/src/cr_startup_lpc43xx.o
 .debug_abbrev  0x000019a7       0x36 out/libs/lpc_board_ciaa_edu_4337/src/crp.o
 .debug_abbrev  0x000019dd      0x1de out/libs/lpc_board_ciaa_edu_4337/src/sysinit.o
 .debug_abbrev  0x00001bbb      0x27f out/libs/sapi/src/sapi_adc.o
 .debug_abbrev  0x00001e3a      0x214 out/libs/sapi/src/sapi_board.o
 .debug_abbrev  0x0000204e      0x1c2 out/libs/sapi/src/sapi_datatypes.o
 .debug_abbrev  0x00002210      0x385 out/libs/sapi/src/sapi_gpio.o
 .debug_abbrev  0x00002595      0x301 out/libs/sapi/src/sapi_tick.o
 .debug_abbrev  0x00002896      0x3cd out/libs/sapi/src/sapi_timer.o
 .debug_abbrev  0x00002c63      0x360 out/libs/sapi/src/sapi_uart.o

.debug_loc      0x00000000     0x4a1f
 .debug_loc     0x00000000       0xc4 out/app/src/CIAA7segment.o
 .debug_loc     0x000000c4      0x673 out/libs/lpc_chip_43xx/src/adc_18xx_43xx.o
 .debug_loc     0x00000737     0x1295 out/libs/lpc_chip_43xx/src/clock_18xx_43xx.o
 .debug_loc     0x000019cc       0x2b out/libs/lpc_chip_43xx/src/fpu_init.o
 .debug_loc     0x000019f7      0x3d8 out/libs/lpc_chip_43xx/src/gpio_18xx_43xx.o
 .debug_loc     0x00001dcf      0x14d out/libs/lpc_chip_43xx/src/sysinit_18xx_43xx.o
 .debug_loc     0x00001f1c      0xd25 out/libs/lpc_chip_43xx/src/uart_18xx_43xx.o
 .debug_loc     0x00002c41      0x5e2 out/libs/lpc_board_ciaa_edu_4337/src/board.o
 .debug_loc     0x00003223       0xc3 out/libs/lpc_board_ciaa_edu_4337/src/board_sysinit.o
 .debug_loc     0x000032e6      0x206 out/libs/lpc_board_ciaa_edu_4337/src/cr_startup_lpc43xx.o
 .debug_loc     0x000034ec       0x87 out/libs/sapi/src/sapi_adc.o
 .debug_loc     0x00003573       0x21 out/libs/sapi/src/sapi_datatypes.o
 .debug_loc     0x00003594      0x60e out/libs/sapi/src/sapi_gpio.o
 .debug_loc     0x00003ba2      0x129 out/libs/sapi/src/sapi_tick.o
 .debug_loc     0x00003ccb      0x7c0 out/libs/sapi/src/sapi_timer.o
 .debug_loc     0x0000448b      0x594 out/libs/sapi/src/sapi_uart.o

.debug_aranges  0x00000000      0x6a8
 .debug_aranges
                0x00000000       0x40 out/app/src/CIAA7segment.o
 .debug_aranges
                0x00000040       0x90 out/libs/lpc_chip_43xx/src/adc_18xx_43xx.o
 .debug_aranges
                0x000000d0       0x38 out/libs/lpc_chip_43xx/src/chip_18xx_43xx.o
 .debug_aranges
                0x00000108      0x128 out/libs/lpc_chip_43xx/src/clock_18xx_43xx.o
 .debug_aranges
                0x00000230       0x20 out/libs/lpc_chip_43xx/src/fpu_init.o
 .debug_aranges
                0x00000250       0x48 out/libs/lpc_chip_43xx/src/gpio_18xx_43xx.o
 .debug_aranges
                0x00000298       0x38 out/libs/lpc_chip_43xx/src/sysinit_18xx_43xx.o
 .debug_aranges
                0x000002d0       0xa8 out/libs/lpc_chip_43xx/src/uart_18xx_43xx.o
 .debug_aranges
                0x00000378       0x90 out/libs/lpc_board_ciaa_edu_4337/src/board.o
 .debug_aranges
                0x00000408       0x30 out/libs/lpc_board_ciaa_edu_4337/src/board_sysinit.o
 .debug_aranges
                0x00000438       0x80 out/libs/lpc_board_ciaa_edu_4337/src/cr_startup_lpc43xx.o
 .debug_aranges
                0x000004b8       0x18 out/libs/lpc_board_ciaa_edu_4337/src/crp.o
 .debug_aranges
                0x000004d0       0x20 out/libs/lpc_board_ciaa_edu_4337/src/sysinit.o
 .debug_aranges
                0x000004f0       0x28 out/libs/sapi/src/sapi_adc.o
 .debug_aranges
                0x00000518       0x20 out/libs/sapi/src/sapi_board.o
 .debug_aranges
                0x00000538       0x20 out/libs/sapi/src/sapi_datatypes.o
 .debug_aranges
                0x00000558       0x40 out/libs/sapi/src/sapi_gpio.o
 .debug_aranges
                0x00000598       0x38 out/libs/sapi/src/sapi_tick.o
 .debug_aranges
                0x000005d0       0x78 out/libs/sapi/src/sapi_timer.o
 .debug_aranges
                0x00000648       0x60 out/libs/sapi/src/sapi_uart.o

.debug_ranges   0x00000000      0x620
 .debug_ranges  0x00000000       0x30 out/app/src/CIAA7segment.o
 .debug_ranges  0x00000030       0x80 out/libs/lpc_chip_43xx/src/adc_18xx_43xx.o
 .debug_ranges  0x000000b0       0x28 out/libs/lpc_chip_43xx/src/chip_18xx_43xx.o
 .debug_ranges  0x000000d8      0x190 out/libs/lpc_chip_43xx/src/clock_18xx_43xx.o
 .debug_ranges  0x00000268       0x10 out/libs/lpc_chip_43xx/src/fpu_init.o
 .debug_ranges  0x00000278       0x38 out/libs/lpc_chip_43xx/src/gpio_18xx_43xx.o
 .debug_ranges  0x000002b0       0x28 out/libs/lpc_chip_43xx/src/sysinit_18xx_43xx.o
 .debug_ranges  0x000002d8       0xb0 out/libs/lpc_chip_43xx/src/uart_18xx_43xx.o
 .debug_ranges  0x00000388       0x80 out/libs/lpc_board_ciaa_edu_4337/src/board.o
 .debug_ranges  0x00000408       0x38 out/libs/lpc_board_ciaa_edu_4337/src/board_sysinit.o
 .debug_ranges  0x00000440       0x70 out/libs/lpc_board_ciaa_edu_4337/src/cr_startup_lpc43xx.o
 .debug_ranges  0x000004b0       0x10 out/libs/lpc_board_ciaa_edu_4337/src/sysinit.o
 .debug_ranges  0x000004c0       0x18 out/libs/sapi/src/sapi_adc.o
 .debug_ranges  0x000004d8       0x10 out/libs/sapi/src/sapi_board.o
 .debug_ranges  0x000004e8       0x10 out/libs/sapi/src/sapi_datatypes.o
 .debug_ranges  0x000004f8       0x30 out/libs/sapi/src/sapi_gpio.o
 .debug_ranges  0x00000528       0x28 out/libs/sapi/src/sapi_tick.o
 .debug_ranges  0x00000550       0x80 out/libs/sapi/src/sapi_timer.o
 .debug_ranges  0x000005d0       0x50 out/libs/sapi/src/sapi_uart.o

.debug_macro    0x00000000     0x96ac
 .debug_macro   0x00000000      0x573 out/app/src/CIAA7segment.o
 .debug_macro   0x00000573      0x8b0 out/app/src/CIAA7segment.o
 .debug_macro   0x00000e23       0x22 out/app/src/CIAA7segment.o
 .debug_macro   0x00000e45       0x87 out/app/src/CIAA7segment.o
 .debug_macro   0x00000ecc       0x51 out/app/src/CIAA7segment.o
 .debug_macro   0x00000f1d       0xef out/app/src/CIAA7segment.o
 .debug_macro   0x0000100c       0x6a out/app/src/CIAA7segment.o
 .debug_macro   0x00001076      0x1df out/app/src/CIAA7segment.o
 .debug_macro   0x00001255       0x10 out/app/src/CIAA7segment.o
 .debug_macro   0x00001265       0x22 out/app/src/CIAA7segment.o
 .debug_macro   0x00001287       0x66 out/app/src/CIAA7segment.o
 .debug_macro   0x000012ed       0x28 out/app/src/CIAA7segment.o
 .debug_macro   0x00001315       0x3b out/app/src/CIAA7segment.o
 .debug_macro   0x00001350       0x2d out/app/src/CIAA7segment.o
 .debug_macro   0x0000137d       0x42 out/app/src/CIAA7segment.o
 .debug_macro   0x000013bf      0xd39 out/app/src/CIAA7segment.o
 .debug_macro   0x000020f8      0x2bc out/app/src/CIAA7segment.o
 .debug_macro   0x000023b4      0x112 out/app/src/CIAA7segment.o
 .debug_macro   0x000024c6       0x11 out/app/src/CIAA7segment.o
 .debug_macro   0x000024d7       0x2a out/app/src/CIAA7segment.o
 .debug_macro   0x00002501       0x16 out/app/src/CIAA7segment.o
 .debug_macro   0x00002517      0x2e6 out/app/src/CIAA7segment.o
 .debug_macro   0x000027fd       0x82 out/app/src/CIAA7segment.o
 .debug_macro   0x0000287f      0x13d out/app/src/CIAA7segment.o
 .debug_macro   0x000029bc      0x198 out/app/src/CIAA7segment.o
 .debug_macro   0x00002b54       0x34 out/app/src/CIAA7segment.o
 .debug_macro   0x00002b88       0x58 out/app/src/CIAA7segment.o
 .debug_macro   0x00002be0      0x236 out/app/src/CIAA7segment.o
 .debug_macro   0x00002e16      0x572 out/app/src/CIAA7segment.o
 .debug_macro   0x00003388       0x16 out/app/src/CIAA7segment.o
 .debug_macro   0x0000339e      0x18a out/app/src/CIAA7segment.o
 .debug_macro   0x00003528       0x88 out/app/src/CIAA7segment.o
 .debug_macro   0x000035b0      0x1b9 out/app/src/CIAA7segment.o
 .debug_macro   0x00003769      0x1da out/app/src/CIAA7segment.o
 .debug_macro   0x00003943       0x40 out/app/src/CIAA7segment.o
 .debug_macro   0x00003983       0x1c out/app/src/CIAA7segment.o
 .debug_macro   0x0000399f       0x2e out/app/src/CIAA7segment.o
 .debug_macro   0x000039cd       0x2e out/app/src/CIAA7segment.o
 .debug_macro   0x000039fb       0x22 out/app/src/CIAA7segment.o
 .debug_macro   0x00003a1d      0x201 out/app/src/CIAA7segment.o
 .debug_macro   0x00003c1e       0xe0 out/app/src/CIAA7segment.o
 .debug_macro   0x00003cfe      0x34c out/app/src/CIAA7segment.o
 .debug_macro   0x0000404a       0xdc out/app/src/CIAA7segment.o
 .debug_macro   0x00004126       0xc4 out/app/src/CIAA7segment.o
 .debug_macro   0x000041ea       0x94 out/app/src/CIAA7segment.o
 .debug_macro   0x0000427e       0xb8 out/app/src/CIAA7segment.o
 .debug_macro   0x00004336       0x4c out/app/src/CIAA7segment.o
 .debug_macro   0x00004382       0x16 out/app/src/CIAA7segment.o
 .debug_macro   0x00004398      0x328 out/app/src/CIAA7segment.o
 .debug_macro   0x000046c0       0x3a out/app/src/CIAA7segment.o
 .debug_macro   0x000046fa       0xd0 out/app/src/CIAA7segment.o
 .debug_macro   0x000047ca       0x18 out/app/src/CIAA7segment.o
 .debug_macro   0x000047e2       0x22 out/app/src/CIAA7segment.o
 .debug_macro   0x00004804       0x40 out/app/src/CIAA7segment.o
 .debug_macro   0x00004844       0x4c out/app/src/CIAA7segment.o
 .debug_macro   0x00004890       0x58 out/app/src/CIAA7segment.o
 .debug_macro   0x000048e8       0x35 out/app/src/CIAA7segment.o
 .debug_macro   0x0000491d       0x9c out/app/src/CIAA7segment.o
 .debug_macro   0x000049b9       0x16 out/app/src/CIAA7segment.o
 .debug_macro   0x000049cf       0x97 out/app/src/CIAA7segment.o
 .debug_macro   0x00004a66      0x30d out/app/src/CIAA7segment.o
 .debug_macro   0x00004d73       0xfd out/app/src/CIAA7segment.o
 .debug_macro   0x00004e70       0x10 out/app/src/CIAA7segment.o
 .debug_macro   0x00004e80       0x58 out/app/src/CIAA7segment.o
 .debug_macro   0x00004ed8       0x1f out/app/src/CIAA7segment.o
 .debug_macro   0x00004ef7       0x43 out/app/src/CIAA7segment.o
 .debug_macro   0x00004f3a       0x20 out/app/src/CIAA7segment.o
 .debug_macro   0x00004f5a      0x187 out/app/src/CIAA7segment.o
 .debug_macro   0x000050e1       0x10 out/app/src/CIAA7segment.o
 .debug_macro   0x000050f1       0x1c out/app/src/CIAA7segment.o
 .debug_macro   0x0000510d       0x52 out/app/src/CIAA7segment.o
 .debug_macro   0x0000515f       0x40 out/app/src/CIAA7segment.o
 .debug_macro   0x0000519f       0x10 out/app/src/CIAA7segment.o
 .debug_macro   0x000051af       0x40 out/app/src/CIAA7segment.o
 .debug_macro   0x000051ef       0xd7 out/app/src/CIAA7segment.o
 .debug_macro   0x000052c6       0x16 out/app/src/CIAA7segment.o
 .debug_macro   0x000052dc      0x18b out/app/src/CIAA7segment.o
 .debug_macro   0x00005467       0x20 out/app/src/CIAA7segment.o
 .debug_macro   0x00005487       0x28 out/app/src/CIAA7segment.o
 .debug_macro   0x000054af       0x16 out/app/src/CIAA7segment.o
 .debug_macro   0x000054c5       0x3a out/app/src/CIAA7segment.o
 .debug_macro   0x000054ff       0x10 out/app/src/CIAA7segment.o
 .debug_macro   0x0000550f       0x70 out/app/src/CIAA7segment.o
 .debug_macro   0x0000557f      0x301 out/libs/lpc_chip_43xx/src/adc_18xx_43xx.o
 .debug_macro   0x00005880      0x301 out/libs/lpc_chip_43xx/src/chip_18xx_43xx.o
 .debug_macro   0x00005b81      0x307 out/libs/lpc_chip_43xx/src/clock_18xx_43xx.o
 .debug_macro   0x00005e88       0xe7 out/libs/lpc_chip_43xx/src/fpu_init.o
 .debug_macro   0x00005f6f      0x301 out/libs/lpc_chip_43xx/src/gpio_18xx_43xx.o
 .debug_macro   0x00006270      0x301 out/libs/lpc_chip_43xx/src/sysinit_18xx_43xx.o
 .debug_macro   0x00006571      0x301 out/libs/lpc_chip_43xx/src/uart_18xx_43xx.o
 .debug_macro   0x00006872      0x499 out/libs/lpc_board_ciaa_edu_4337/src/board.o
 .debug_macro   0x00006d0b       0x46 out/libs/lpc_board_ciaa_edu_4337/src/board.o
 .debug_macro   0x00006d51       0x16 out/libs/lpc_board_ciaa_edu_4337/src/board.o
 .debug_macro   0x00006d67      0x472 out/libs/lpc_board_ciaa_edu_4337/src/board_sysinit.o
 .debug_macro   0x000071d9       0x1d out/libs/lpc_board_ciaa_edu_4337/src/cr_startup_lpc43xx.o
 .debug_macro   0x000071f6       0x17 out/libs/lpc_board_ciaa_edu_4337/src/crp.o
 .debug_macro   0x0000720d      0x472 out/libs/lpc_board_ciaa_edu_4337/src/sysinit.o
 .debug_macro   0x0000767f      0x48f out/libs/sapi/src/sapi_adc.o
 .debug_macro   0x00007b0e      0x4a3 out/libs/sapi/src/sapi_board.o
 .debug_macro   0x00007fb1      0x47b out/libs/sapi/src/sapi_datatypes.o
 .debug_macro   0x0000842c      0x48f out/libs/sapi/src/sapi_gpio.o
 .debug_macro   0x000088bb      0x485 out/libs/sapi/src/sapi_tick.o
 .debug_macro   0x00008d40      0x49b out/libs/sapi/src/sapi_timer.o
 .debug_macro   0x000091db      0x4d1 out/libs/sapi/src/sapi_uart.o

.debug_line     0x00000000     0x9853
 .debug_line    0x00000000      0x9ef out/app/src/CIAA7segment.o
 .debug_line    0x000009ef      0x7dc out/libs/lpc_chip_43xx/src/adc_18xx_43xx.o
 .debug_line    0x000011cb      0x6f9 out/libs/lpc_chip_43xx/src/chip_18xx_43xx.o
 .debug_line    0x000018c4      0xacf out/libs/lpc_chip_43xx/src/clock_18xx_43xx.o
 .debug_line    0x00002393      0x2b5 out/libs/lpc_chip_43xx/src/fpu_init.o
 .debug_line    0x00002648      0x721 out/libs/lpc_chip_43xx/src/gpio_18xx_43xx.o
 .debug_line    0x00002d69      0x76f out/libs/lpc_chip_43xx/src/sysinit_18xx_43xx.o
 .debug_line    0x000034d8      0x997 out/libs/lpc_chip_43xx/src/uart_18xx_43xx.o
 .debug_line    0x00003e6f      0x9b3 out/libs/lpc_board_ciaa_edu_4337/src/board.o
 .debug_line    0x00004822      0x86c out/libs/lpc_board_ciaa_edu_4337/src/board_sysinit.o
 .debug_line    0x0000508e       0xe0 out/libs/lpc_board_ciaa_edu_4337/src/cr_startup_lpc43xx.o
 .debug_line    0x0000516e       0x47 out/libs/lpc_board_ciaa_edu_4337/src/crp.o
 .debug_line    0x000051b5      0x80c out/libs/lpc_board_ciaa_edu_4337/src/sysinit.o
 .debug_line    0x000059c1      0x874 out/libs/sapi/src/sapi_adc.o
 .debug_line    0x00006235      0x87f out/libs/sapi/src/sapi_board.o
 .debug_line    0x00006ab4      0x81f out/libs/sapi/src/sapi_datatypes.o
 .debug_line    0x000072d3      0x92b out/libs/sapi/src/sapi_gpio.o
 .debug_line    0x00007bfe      0x881 out/libs/sapi/src/sapi_tick.o
 .debug_line    0x0000847f      0xa16 out/libs/sapi/src/sapi_timer.o
 .debug_line    0x00008e95      0x9be out/libs/sapi/src/sapi_uart.o

.debug_str      0x00000000    0x1c2b5
 .debug_str     0x00000000    0x19891 out/app/src/CIAA7segment.o
                              0x19b94 (size before relaxing)
 .debug_str     0x00019891      0x49d out/libs/lpc_chip_43xx/src/adc_18xx_43xx.o
                              0x150cb (size before relaxing)
 .debug_str     0x00019d2e      0x37c out/libs/lpc_chip_43xx/src/chip_18xx_43xx.o
                              0x15620 (size before relaxing)
 .debug_str     0x0001a0aa      0x536 out/libs/lpc_chip_43xx/src/clock_18xx_43xx.o
                              0x15ae2 (size before relaxing)
 .debug_str     0x0001a5e0       0xc5 out/libs/lpc_chip_43xx/src/fpu_init.o
                               0x90dd (size before relaxing)
 .debug_str     0x0001a6a5      0x14a out/libs/lpc_chip_43xx/src/gpio_18xx_43xx.o
                              0x1496e (size before relaxing)
 .debug_str     0x0001a7ef       0xf7 out/libs/lpc_chip_43xx/src/sysinit_18xx_43xx.o
                              0x1557e (size before relaxing)
 .debug_str     0x0001a8e6      0x437 out/libs/lpc_chip_43xx/src/uart_18xx_43xx.o
                              0x15730 (size before relaxing)
 .debug_str     0x0001ad1d      0x572 out/libs/lpc_board_ciaa_edu_4337/src/board.o
                              0x19c22 (size before relaxing)
 .debug_str     0x0001b28f       0xdf out/libs/lpc_board_ciaa_edu_4337/src/board_sysinit.o
                              0x197cc (size before relaxing)
 .debug_str     0x0001b36e      0x20c out/libs/lpc_board_ciaa_edu_4337/src/cr_startup_lpc43xx.o
                               0x2774 (size before relaxing)
 .debug_str     0x0001b57a       0x46 out/libs/lpc_board_ciaa_edu_4337/src/crp.o
                               0x258a (size before relaxing)
 .debug_str     0x0001b5c0       0x35 out/libs/lpc_board_ciaa_edu_4337/src/sysinit.o
                              0x189f3 (size before relaxing)
 .debug_str     0x0001b5f5       0x54 out/libs/sapi/src/sapi_adc.o
                              0x18d46 (size before relaxing)
 .debug_str     0x0001b649       0x1b out/libs/sapi/src/sapi_board.o
                              0x18c28 (size before relaxing)
 .debug_str     0x0001b664       0x30 out/libs/sapi/src/sapi_datatypes.o
                              0x18a2b (size before relaxing)
 .debug_str     0x0001b694      0x112 out/libs/sapi/src/sapi_gpio.o
                              0x19815 (size before relaxing)
 .debug_str     0x0001b7a6      0x472 out/libs/sapi/src/sapi_tick.o
                              0x19917 (size before relaxing)
 .debug_str     0x0001bc18      0x3fd out/libs/sapi/src/sapi_timer.o
                              0x19c5f (size before relaxing)
 .debug_str     0x0001c015      0x2a0 out/libs/sapi/src/sapi_uart.o
                              0x18ef0 (size before relaxing)

.comment        0x00000000       0x7f
 .comment       0x00000000       0x7f out/app/src/CIAA7segment.o
                                 0x80 (size before relaxing)
 .comment       0x0000007f       0x80 out/libs/lpc_chip_43xx/src/adc_18xx_43xx.o
 .comment       0x0000007f       0x80 out/libs/lpc_chip_43xx/src/chip_18xx_43xx.o
 .comment       0x0000007f       0x80 out/libs/lpc_chip_43xx/src/clock_18xx_43xx.o
 .comment       0x0000007f       0x80 out/libs/lpc_chip_43xx/src/fpu_init.o
 .comment       0x0000007f       0x80 out/libs/lpc_chip_43xx/src/gpio_18xx_43xx.o
 .comment       0x0000007f       0x80 out/libs/lpc_chip_43xx/src/sysinit_18xx_43xx.o
 .comment       0x0000007f       0x80 out/libs/lpc_chip_43xx/src/uart_18xx_43xx.o
 .comment       0x0000007f       0x80 out/libs/lpc_board_ciaa_edu_4337/src/board.o
 .comment       0x0000007f       0x80 out/libs/lpc_board_ciaa_edu_4337/src/board_sysinit.o
 .comment       0x0000007f       0x80 out/libs/lpc_board_ciaa_edu_4337/src/cr_startup_lpc43xx.o
 .comment       0x0000007f       0x80 out/libs/lpc_board_ciaa_edu_4337/src/crp.o
 .comment       0x0000007f       0x80 out/libs/lpc_board_ciaa_edu_4337/src/sysinit.o
 .comment       0x0000007f       0x80 out/libs/sapi/src/sapi_adc.o
 .comment       0x0000007f       0x80 out/libs/sapi/src/sapi_board.o
 .comment       0x0000007f       0x80 out/libs/sapi/src/sapi_datatypes.o
 .comment       0x0000007f       0x80 out/libs/sapi/src/sapi_gpio.o
 .comment       0x0000007f       0x80 out/libs/sapi/src/sapi_tick.o
 .comment       0x0000007f       0x80 out/libs/sapi/src/sapi_timer.o
 .comment       0x0000007f       0x80 out/libs/sapi/src/sapi_uart.o

.ARM.attributes
                0x00000000       0x39
 .ARM.attributes
                0x00000000       0x39 out/app/src/CIAA7segment.o
 .ARM.attributes
                0x00000039       0x39 out/libs/lpc_chip_43xx/src/adc_18xx_43xx.o
 .ARM.attributes
                0x00000072       0x39 out/libs/lpc_chip_43xx/src/chip_18xx_43xx.o
 .ARM.attributes
                0x000000ab       0x39 out/libs/lpc_chip_43xx/src/clock_18xx_43xx.o
 .ARM.attributes
                0x000000e4       0x39 out/libs/lpc_chip_43xx/src/fpu_init.o
 .ARM.attributes
                0x0000011d       0x39 out/libs/lpc_chip_43xx/src/gpio_18xx_43xx.o
 .ARM.attributes
                0x00000156       0x39 out/libs/lpc_chip_43xx/src/sysinit_18xx_43xx.o
 .ARM.attributes
                0x0000018f       0x39 out/libs/lpc_chip_43xx/src/uart_18xx_43xx.o
 .ARM.attributes
                0x000001c8       0x39 out/libs/lpc_board_ciaa_edu_4337/src/board.o
 .ARM.attributes
                0x00000201       0x39 out/libs/lpc_board_ciaa_edu_4337/src/board_sysinit.o
 .ARM.attributes
                0x0000023a       0x39 out/libs/lpc_board_ciaa_edu_4337/src/cr_startup_lpc43xx.o
 .ARM.attributes
                0x00000273       0x39 out/libs/lpc_board_ciaa_edu_4337/src/crp.o
 .ARM.attributes
                0x000002ac       0x39 out/libs/lpc_board_ciaa_edu_4337/src/sysinit.o
 .ARM.attributes
                0x000002e5       0x39 out/libs/sapi/src/sapi_adc.o
 .ARM.attributes
                0x0000031e       0x39 out/libs/sapi/src/sapi_board.o
 .ARM.attributes
                0x00000357       0x39 out/libs/sapi/src/sapi_datatypes.o
 .ARM.attributes
                0x00000390       0x39 out/libs/sapi/src/sapi_gpio.o
 .ARM.attributes
                0x000003c9       0x39 out/libs/sapi/src/sapi_tick.o
 .ARM.attributes
                0x00000402       0x39 out/libs/sapi/src/sapi_timer.o
 .ARM.attributes
                0x0000043b       0x39 out/libs/sapi/src/sapi_uart.o
 .ARM.attributes
                0x00000474       0x22 c:/program files (x86)/embeddedide/gcc-arm-embedded/bin/../lib/gcc/arm-none-eabi/6.3.1/thumb/v7e-m/fpv4-sp/hard\libgcc.a(_aeabi_uldivmod.o)
 .ARM.attributes
                0x00000496       0x34 c:/program files (x86)/embeddedide/gcc-arm-embedded/bin/../lib/gcc/arm-none-eabi/6.3.1/thumb/v7e-m/fpv4-sp/hard\libgcc.a(_udivmoddi4.o)
 .ARM.attributes
                0x000004ca       0x22 c:/program files (x86)/embeddedide/gcc-arm-embedded/bin/../lib/gcc/arm-none-eabi/6.3.1/thumb/v7e-m/fpv4-sp/hard\libgcc.a(_dvmd_tls.o)
 .ARM.attributes
                0x000004ec       0x34 c:/program files (x86)/embeddedide/gcc-arm-embedded/bin/../lib/gcc/arm-none-eabi/6.3.1/../../../../arm-none-eabi/lib/thumb/v7e-m/fpv4-sp/hard\libc_nano.a(lib_a-memset.o)

.debug_frame    0x00000000      0xf70
 .debug_frame   0x00000000       0x8c out/app/src/CIAA7segment.o
 .debug_frame   0x0000008c      0x160 out/libs/lpc_chip_43xx/src/adc_18xx_43xx.o
 .debug_frame   0x000001ec       0x70 out/libs/lpc_chip_43xx/src/chip_18xx_43xx.o
 .debug_frame   0x0000025c      0x314 out/libs/lpc_chip_43xx/src/clock_18xx_43xx.o
 .debug_frame   0x00000570       0x2c out/libs/lpc_chip_43xx/src/fpu_init.o
 .debug_frame   0x0000059c       0x88 out/libs/lpc_chip_43xx/src/gpio_18xx_43xx.o
 .debug_frame   0x00000624       0x7c out/libs/lpc_chip_43xx/src/sysinit_18xx_43xx.o
 .debug_frame   0x000006a0      0x1f4 out/libs/lpc_chip_43xx/src/uart_18xx_43xx.o
 .debug_frame   0x00000894      0x138 out/libs/lpc_board_ciaa_edu_4337/src/board.o
 .debug_frame   0x000009cc       0x5c out/libs/lpc_board_ciaa_edu_4337/src/board_sysinit.o
 .debug_frame   0x00000a28       0xf4 out/libs/lpc_board_ciaa_edu_4337/src/cr_startup_lpc43xx.o
 .debug_frame   0x00000b1c       0x28 out/libs/lpc_board_ciaa_edu_4337/src/sysinit.o
 .debug_frame   0x00000b44       0x54 out/libs/sapi/src/sapi_adc.o
 .debug_frame   0x00000b98       0x28 out/libs/sapi/src/sapi_board.o
 .debug_frame   0x00000bc0       0x20 out/libs/sapi/src/sapi_datatypes.o
 .debug_frame   0x00000be0       0xa4 out/libs/sapi/src/sapi_gpio.o
 .debug_frame   0x00000c84       0x60 out/libs/sapi/src/sapi_tick.o
 .debug_frame   0x00000ce4      0x134 out/libs/sapi/src/sapi_timer.o
 .debug_frame   0x00000e18       0xd8 out/libs/sapi/src/sapi_uart.o
 .debug_frame   0x00000ef0       0x2c c:/program files (x86)/embeddedide/gcc-arm-embedded/bin/../lib/gcc/arm-none-eabi/6.3.1/thumb/v7e-m/fpv4-sp/hard\libgcc.a(_aeabi_uldivmod.o)
 .debug_frame   0x00000f1c       0x34 c:/program files (x86)/embeddedide/gcc-arm-embedded/bin/../lib/gcc/arm-none-eabi/6.3.1/thumb/v7e-m/fpv4-sp/hard\libgcc.a(_udivmoddi4.o)
 .debug_frame   0x00000f50       0x20 c:/program files (x86)/embeddedide/gcc-arm-embedded/bin/../lib/gcc/arm-none-eabi/6.3.1/../../../../arm-none-eabi/lib/thumb/v7e-m/fpv4-sp/hard\libc_nano.a(lib_a-memset.o)

Cross Reference Table

Symbol                                            File
ADC0_IRQHandler                                   out/libs/lpc_board_ciaa_edu_4337/src/cr_startup_lpc43xx.o
ADC1_IRQHandler                                   out/libs/lpc_board_ciaa_edu_4337/src/cr_startup_lpc43xx.o
ADCHS_IRQHandler                                  out/libs/lpc_board_ciaa_edu_4337/src/cr_startup_lpc43xx.o
ATIMER_IRQHandler                                 out/libs/lpc_board_ciaa_edu_4337/src/cr_startup_lpc43xx.o
Board_DAC_Init                                    out/libs/lpc_board_ciaa_edu_4337/src/board.o
Board_Debug_Init                                  out/libs/lpc_board_ciaa_edu_4337/src/board.o
Board_ENET_GetMacADDR                             out/libs/lpc_board_ciaa_edu_4337/src/board.o
Board_I2C_Init                                    out/libs/lpc_board_ciaa_edu_4337/src/board.o
Board_Init                                        out/libs/lpc_board_ciaa_edu_4337/src/board.o
                                                  out/libs/sapi/src/sapi_board.o
Board_LED_Set                                     out/libs/lpc_board_ciaa_edu_4337/src/board.o
Board_LED_Test                                    out/libs/lpc_board_ciaa_edu_4337/src/board.o
Board_LED_Toggle                                  out/libs/lpc_board_ciaa_edu_4337/src/board.o
Board_SDMMC_Init                                  out/libs/lpc_board_ciaa_edu_4337/src/board.o
Board_SSP_Init                                    out/libs/lpc_board_ciaa_edu_4337/src/board.o
Board_SetupClocking                               out/libs/lpc_board_ciaa_edu_4337/src/board_sysinit.o
Board_SetupMuxing                                 out/libs/lpc_board_ciaa_edu_4337/src/board_sysinit.o
Board_SystemInit                                  out/libs/lpc_board_ciaa_edu_4337/src/board_sysinit.o
                                                  out/libs/lpc_board_ciaa_edu_4337/src/sysinit.o
Board_UARTGetChar                                 out/libs/lpc_board_ciaa_edu_4337/src/board.o
                                                  out/libs/lpc_board_ciaa_edu_4337/src/system.o
Board_UARTPutChar                                 out/libs/lpc_board_ciaa_edu_4337/src/board.o
                                                  out/libs/lpc_board_ciaa_edu_4337/src/system.o
Board_UARTPutSTR                                  out/libs/lpc_board_ciaa_edu_4337/src/board.o
Board_UART_Init                                   out/libs/lpc_board_ciaa_edu_4337/src/board.o
BusFault_Handler                                  out/libs/lpc_board_ciaa_edu_4337/src/cr_startup_lpc43xx.o
CAN0_IRQHandler                                   out/libs/lpc_board_ciaa_edu_4337/src/cr_startup_lpc43xx.o
CAN1_IRQHandler                                   out/libs/lpc_board_ciaa_edu_4337/src/cr_startup_lpc43xx.o
CONFIGDISPLAY                                     out/app/src/CIAA7segment.o
CONVIERTEWORD                                     out/app/src/CIAA7segment.o
CRP_WORD                                          out/libs/lpc_board_ciaa_edu_4337/src/crp.o
Chip_ADC_DeInit                                   out/libs/lpc_chip_43xx/src/adc_18xx_43xx.o
                                                  out/libs/sapi/src/sapi_adc.o
Chip_ADC_EnableChannel                            out/libs/lpc_chip_43xx/src/adc_18xx_43xx.o
                                                  out/libs/sapi/src/sapi_adc.o
Chip_ADC_Init                                     out/libs/lpc_chip_43xx/src/adc_18xx_43xx.o
                                                  out/libs/sapi/src/sapi_adc.o
Chip_ADC_Int_SetChannelCmd                        out/libs/lpc_chip_43xx/src/adc_18xx_43xx.o
                                                  out/libs/sapi/src/sapi_adc.o
Chip_ADC_ReadByte                                 out/libs/lpc_chip_43xx/src/adc_18xx_43xx.o
Chip_ADC_ReadStatus                               out/libs/lpc_chip_43xx/src/adc_18xx_43xx.o
                                                  out/libs/sapi/src/sapi_adc.o
Chip_ADC_ReadValue                                out/libs/lpc_chip_43xx/src/adc_18xx_43xx.o
                                                  out/libs/sapi/src/sapi_adc.o
Chip_ADC_SetBurstCmd                              out/libs/lpc_chip_43xx/src/adc_18xx_43xx.o
                                                  out/libs/sapi/src/sapi_adc.o
Chip_ADC_SetResolution                            out/libs/lpc_chip_43xx/src/adc_18xx_43xx.o
Chip_ADC_SetSampleRate                            out/libs/lpc_chip_43xx/src/adc_18xx_43xx.o
                                                  out/libs/sapi/src/sapi_adc.o
Chip_ADC_SetStartMode                             out/libs/lpc_chip_43xx/src/adc_18xx_43xx.o
                                                  out/libs/sapi/src/sapi_adc.o
Chip_AES_Config_DMA                               out/libs/lpc_chip_43xx/src/aes_18xx_43xx.o
Chip_AES_GetStatusDMA                             out/libs/lpc_chip_43xx/src/aes_18xx_43xx.o
Chip_AES_Init                                     out/libs/lpc_chip_43xx/src/aes_18xx_43xx.o
Chip_AES_LoadIV_IC                                out/libs/lpc_chip_43xx/src/aes_18xx_43xx.o
Chip_AES_LoadIV_SW                                out/libs/lpc_chip_43xx/src/aes_18xx_43xx.o
Chip_AES_LoadKey                                  out/libs/lpc_chip_43xx/src/aes_18xx_43xx.o
Chip_AES_LoadKeyRNG                               out/libs/lpc_chip_43xx/src/aes_18xx_43xx.o
Chip_AES_LoadKeySW                                out/libs/lpc_chip_43xx/src/aes_18xx_43xx.o
Chip_AES_Operate                                  out/libs/lpc_chip_43xx/src/aes_18xx_43xx.o
Chip_AES_OperateDMA                               out/libs/lpc_chip_43xx/src/aes_18xx_43xx.o
Chip_AES_ProgramKey                               out/libs/lpc_chip_43xx/src/aes_18xx_43xx.o
Chip_AES_SetMode                                  out/libs/lpc_chip_43xx/src/aes_18xx_43xx.o
Chip_ATIMER_DeInit                                out/libs/lpc_chip_43xx/src/atimer_18xx_43xx.o
Chip_ATIMER_Init                                  out/libs/lpc_chip_43xx/src/atimer_18xx_43xx.o
Chip_CCAN_AddReceiveID                            out/libs/lpc_chip_43xx/src/ccan_18xx_43xx.o
Chip_CCAN_ClearStatus                             out/libs/lpc_chip_43xx/src/ccan_18xx_43xx.o
Chip_CCAN_DeInit                                  out/libs/lpc_chip_43xx/src/ccan_18xx_43xx.o
Chip_CCAN_DeleteReceiveID                         out/libs/lpc_chip_43xx/src/ccan_18xx_43xx.o
Chip_CCAN_GetMsgObject                            out/libs/lpc_chip_43xx/src/ccan_18xx_43xx.o
Chip_CCAN_Init                                    out/libs/lpc_chip_43xx/src/ccan_18xx_43xx.o
Chip_CCAN_Send                                    out/libs/lpc_chip_43xx/src/ccan_18xx_43xx.o
Chip_CCAN_SetBitRate                              out/libs/lpc_chip_43xx/src/ccan_18xx_43xx.o
Chip_CCAN_SetMsgObject                            out/libs/lpc_chip_43xx/src/ccan_18xx_43xx.o
Chip_CCAN_SetValidMsg                             out/libs/lpc_chip_43xx/src/ccan_18xx_43xx.o
Chip_CCAN_TransferMsgObject                       out/libs/lpc_chip_43xx/src/ccan_18xx_43xx.o
Chip_Clock_CalcMainPLLValue                       out/libs/lpc_chip_43xx/src/clock_18xx_43xx.o
                                                  out/libs/lpc_chip_43xx/src/sysinit_18xx_43xx.o
Chip_Clock_ClearPowerDown                         out/libs/lpc_chip_43xx/src/clock_18xx_43xx.o
Chip_Clock_Disable                                out/libs/lpc_chip_43xx/src/clock_18xx_43xx.o
                                                  out/libs/lpc_chip_43xx/src/uart_18xx_43xx.o
                                                  out/libs/lpc_chip_43xx/src/timer_18xx_43xx.o
                                                  out/libs/lpc_chip_43xx/src/ssp_18xx_43xx.o
                                                  out/libs/lpc_chip_43xx/src/spi_18xx_43xx.o
                                                  out/libs/lpc_chip_43xx/src/sdif_18xx_43xx.o
                                                  out/libs/lpc_chip_43xx/src/sct_18xx_43xx.o
                                                  out/libs/lpc_chip_43xx/src/ritimer_18xx_43xx.o
                                                  out/libs/lpc_chip_43xx/src/lcd_18xx_43xx.o
                                                  out/libs/lpc_chip_43xx/src/i2s_18xx_43xx.o
                                                  out/libs/lpc_chip_43xx/src/i2cm_18xx_43xx.o
                                                  out/libs/lpc_chip_43xx/src/i2c_18xx_43xx.o
                                                  out/libs/lpc_chip_43xx/src/hsadc_18xx_43xx.o
                                                  out/libs/lpc_chip_43xx/src/gpdma_18xx_43xx.o
                                                  out/libs/lpc_chip_43xx/src/enet_18xx_43xx.o
                                                  out/libs/lpc_chip_43xx/src/dac_18xx_43xx.o
                                                  out/libs/lpc_chip_43xx/src/ccan_18xx_43xx.o
                                                  out/libs/lpc_chip_43xx/src/adc_18xx_43xx.o
Chip_Clock_DisableBaseClock                       out/libs/lpc_chip_43xx/src/clock_18xx_43xx.o
Chip_Clock_DisableCrystal                         out/libs/lpc_chip_43xx/src/clock_18xx_43xx.o
Chip_Clock_DisablePLL                             out/libs/lpc_chip_43xx/src/clock_18xx_43xx.o
Chip_Clock_Enable                                 out/libs/lpc_chip_43xx/src/clock_18xx_43xx.o
                                                  out/libs/lpc_chip_43xx/src/timer_18xx_43xx.o
                                                  out/libs/lpc_chip_43xx/src/ssp_18xx_43xx.o
                                                  out/libs/lpc_chip_43xx/src/spi_18xx_43xx.o
                                                  out/libs/lpc_chip_43xx/src/i2s_18xx_43xx.o
                                                  out/libs/lpc_chip_43xx/src/i2cm_18xx_43xx.o
                                                  out/libs/lpc_chip_43xx/src/i2c_18xx_43xx.o
                                                  out/libs/lpc_chip_43xx/src/hsadc_18xx_43xx.o
Chip_Clock_EnableBaseClock                        out/libs/lpc_chip_43xx/src/clock_18xx_43xx.o
                                                  out/libs/lpc_chip_43xx/src/chip_18xx_43xx.o
Chip_Clock_EnableCrystal                          out/libs/lpc_chip_43xx/src/clock_18xx_43xx.o
                                                  out/libs/lpc_chip_43xx/src/sysinit_18xx_43xx.o
Chip_Clock_EnableOpts                             out/libs/lpc_chip_43xx/src/clock_18xx_43xx.o
                                                  out/libs/lpc_chip_43xx/src/uart_18xx_43xx.o
                                                  out/libs/lpc_chip_43xx/src/sdif_18xx_43xx.o
                                                  out/libs/lpc_chip_43xx/src/sct_18xx_43xx.o
                                                  out/libs/lpc_chip_43xx/src/ritimer_18xx_43xx.o
                                                  out/libs/lpc_chip_43xx/src/lcd_18xx_43xx.o
                                                  out/libs/lpc_chip_43xx/src/hsadc_18xx_43xx.o
                                                  out/libs/lpc_chip_43xx/src/gpdma_18xx_43xx.o
                                                  out/libs/lpc_chip_43xx/src/enet_18xx_43xx.o
                                                  out/libs/lpc_chip_43xx/src/dac_18xx_43xx.o
                                                  out/libs/lpc_chip_43xx/src/chip_18xx_43xx.o
                                                  out/libs/lpc_chip_43xx/src/ccan_18xx_43xx.o
                                                  out/libs/lpc_chip_43xx/src/adc_18xx_43xx.o
Chip_Clock_EnablePLL                              out/libs/lpc_chip_43xx/src/clock_18xx_43xx.o
                                                  out/libs/lpc_chip_43xx/src/chip_18xx_43xx.o
Chip_Clock_GetBaseClock                           out/libs/lpc_chip_43xx/src/clock_18xx_43xx.o
Chip_Clock_GetBaseClockOpts                       out/libs/lpc_chip_43xx/src/clock_18xx_43xx.o
Chip_Clock_GetBaseClocktHz                        out/libs/lpc_chip_43xx/src/clock_18xx_43xx.o
                                                  out/libs/lpc_chip_43xx/src/sdmmc_18xx_43xx.o
                                                  out/libs/lpc_chip_43xx/src/sdio_18xx_43xx.o
Chip_Clock_GetClockInputHz                        out/libs/lpc_chip_43xx/src/clock_18xx_43xx.o
                                                  out/libs/lpc_chip_43xx/src/chip_18xx_43xx.o
Chip_Clock_GetDividerDivisor                      out/libs/lpc_chip_43xx/src/clock_18xx_43xx.o
Chip_Clock_GetDividerSource                       out/libs/lpc_chip_43xx/src/clock_18xx_43xx.o
Chip_Clock_GetEMCRate                             out/libs/lpc_chip_43xx/src/clock_18xx_43xx.o
                                                  out/libs/lpc_chip_43xx/src/emc_18xx_43xx.o
Chip_Clock_GetMainPLLHz                           out/libs/lpc_chip_43xx/src/clock_18xx_43xx.o
Chip_Clock_GetPLLStatus                           out/libs/lpc_chip_43xx/src/clock_18xx_43xx.o
                                                  out/libs/lpc_chip_43xx/src/chip_18xx_43xx.o
Chip_Clock_GetRate                                out/libs/lpc_chip_43xx/src/clock_18xx_43xx.o
                                                  out/libs/lpc_chip_43xx/src/uart_18xx_43xx.o
                                                  out/libs/lpc_chip_43xx/src/stopwatch_18xx_43xx.o
                                                  out/libs/lpc_chip_43xx/src/ssp_18xx_43xx.o
                                                  out/libs/lpc_chip_43xx/src/spi_18xx_43xx.o
                                                  out/libs/lpc_chip_43xx/src/sct_pwm_18xx_43xx.o
                                                  out/libs/lpc_chip_43xx/src/ritimer_18xx_43xx.o
                                                  out/libs/lpc_chip_43xx/src/i2s_18xx_43xx.o
                                                  out/libs/lpc_chip_43xx/src/i2cm_18xx_43xx.o
                                                  out/libs/lpc_chip_43xx/src/i2c_18xx_43xx.o
                                                  out/libs/lpc_chip_43xx/src/hsadc_18xx_43xx.o
                                                  out/libs/lpc_chip_43xx/src/eeprom_18xx_43xx.o
                                                  out/libs/lpc_chip_43xx/src/chip_18xx_43xx.o
                                                  out/libs/lpc_chip_43xx/src/ccan_18xx_43xx.o
                                                  out/libs/lpc_chip_43xx/src/adc_18xx_43xx.o
Chip_Clock_IsBaseClockEnabled                     out/libs/lpc_chip_43xx/src/clock_18xx_43xx.o
Chip_Clock_RTCEnable                              out/libs/lpc_chip_43xx/src/clock_18xx_43xx.o
                                                  out/libs/lpc_chip_43xx/src/rtc_18xx_43xx.o
Chip_Clock_SetBaseClock                           out/libs/lpc_chip_43xx/src/clock_18xx_43xx.o
                                                  out/libs/lpc_board_ciaa_edu_4337/src/board_sysinit.o
                                                  out/libs/lpc_chip_43xx/src/sysinit_18xx_43xx.o
                                                  out/libs/lpc_chip_43xx/src/chip_18xx_43xx.o
Chip_Clock_SetDivider                             out/libs/lpc_chip_43xx/src/clock_18xx_43xx.o
                                                  out/libs/lpc_chip_43xx/src/chip_18xx_43xx.o
Chip_Clock_SetupMainPLLHz                         out/libs/lpc_chip_43xx/src/clock_18xx_43xx.o
Chip_Clock_SetupMainPLLMult                       out/libs/lpc_chip_43xx/src/clock_18xx_43xx.o
Chip_Clock_SetupPLL                               out/libs/lpc_chip_43xx/src/clock_18xx_43xx.o
                                                  out/libs/lpc_chip_43xx/src/chip_18xx_43xx.o
Chip_Clock_StartPowerDown                         out/libs/lpc_chip_43xx/src/clock_18xx_43xx.o
Chip_DAC_DeInit                                   out/libs/lpc_chip_43xx/src/dac_18xx_43xx.o
                                                  out/libs/sapi/src/sapi_dac.o
Chip_DAC_Init                                     out/libs/lpc_chip_43xx/src/dac_18xx_43xx.o
                                                  out/libs/sapi/src/sapi_dac.o
Chip_DAC_SetBias                                  out/libs/lpc_chip_43xx/src/dac_18xx_43xx.o
Chip_DAC_UpdateValue                              out/libs/lpc_chip_43xx/src/dac_18xx_43xx.o
                                                  out/libs/sapi/src/sapi_dac.o
Chip_EEPROM_EraseProgramPage                      out/libs/lpc_chip_43xx/src/eeprom_18xx_43xx.o
Chip_EEPROM_Init                                  out/libs/lpc_chip_43xx/src/eeprom_18xx_43xx.o
Chip_EEPROM_WaitForIntStatus                      out/libs/lpc_chip_43xx/src/eeprom_18xx_43xx.o
Chip_EMC_Dynamic_Enable                           out/libs/lpc_chip_43xx/src/emc_18xx_43xx.o
Chip_EMC_Dynamic_Init                             out/libs/lpc_chip_43xx/src/emc_18xx_43xx.o
Chip_EMC_Enable                                   out/libs/lpc_chip_43xx/src/emc_18xx_43xx.o
Chip_EMC_Init                                     out/libs/lpc_chip_43xx/src/emc_18xx_43xx.o
Chip_EMC_LowPowerMode                             out/libs/lpc_chip_43xx/src/emc_18xx_43xx.o
Chip_EMC_Mirror                                   out/libs/lpc_chip_43xx/src/emc_18xx_43xx.o
Chip_EMC_Static_Init                              out/libs/lpc_chip_43xx/src/emc_18xx_43xx.o
Chip_ENET_DeInit                                  out/libs/lpc_chip_43xx/src/enet_18xx_43xx.o
Chip_ENET_Init                                    out/libs/lpc_chip_43xx/src/enet_18xx_43xx.o
Chip_ENET_SetDuplex                               out/libs/lpc_chip_43xx/src/enet_18xx_43xx.o
Chip_ENET_SetSpeed                                out/libs/lpc_chip_43xx/src/enet_18xx_43xx.o
Chip_ENET_SetupMII                                out/libs/lpc_chip_43xx/src/enet_18xx_43xx.o
Chip_ENET_StartMIIRead                            out/libs/lpc_chip_43xx/src/enet_18xx_43xx.o
Chip_ENET_StartMIIWrite                           out/libs/lpc_chip_43xx/src/enet_18xx_43xx.o
Chip_EVRT_ConfigIntSrcActiveType                  out/libs/lpc_chip_43xx/src/evrt_18xx_43xx.o
Chip_EVRT_Init                                    out/libs/lpc_chip_43xx/src/evrt_18xx_43xx.o
Chip_EVRT_IsSourceInterrupting                    out/libs/lpc_chip_43xx/src/evrt_18xx_43xx.o
Chip_EVRT_SetUpIntSrc                             out/libs/lpc_chip_43xx/src/evrt_18xx_43xx.o
Chip_GPDMA_ChannelCmd                             out/libs/lpc_chip_43xx/src/gpdma_18xx_43xx.o
Chip_GPDMA_ClearIntPending                        out/libs/lpc_chip_43xx/src/gpdma_18xx_43xx.o
Chip_GPDMA_DeInit                                 out/libs/lpc_chip_43xx/src/gpdma_18xx_43xx.o
Chip_GPDMA_GetFreeChannel                         out/libs/lpc_chip_43xx/src/gpdma_18xx_43xx.o
Chip_GPDMA_Init                                   out/libs/lpc_chip_43xx/src/gpdma_18xx_43xx.o
Chip_GPDMA_InitChannelCfg                         out/libs/lpc_chip_43xx/src/gpdma_18xx_43xx.o
Chip_GPDMA_IntGetStatus                           out/libs/lpc_chip_43xx/src/gpdma_18xx_43xx.o
Chip_GPDMA_Interrupt                              out/libs/lpc_chip_43xx/src/gpdma_18xx_43xx.o
Chip_GPDMA_PrepareDescriptor                      out/libs/lpc_chip_43xx/src/gpdma_18xx_43xx.o
Chip_GPDMA_SGTransfer                             out/libs/lpc_chip_43xx/src/gpdma_18xx_43xx.o
Chip_GPDMA_Stop                                   out/libs/lpc_chip_43xx/src/gpdma_18xx_43xx.o
Chip_GPDMA_Transfer                               out/libs/lpc_chip_43xx/src/gpdma_18xx_43xx.o
Chip_GPIO_DeInit                                  out/libs/lpc_chip_43xx/src/gpio_18xx_43xx.o
Chip_GPIO_Init                                    out/libs/lpc_chip_43xx/src/gpio_18xx_43xx.o
                                                  out/libs/sapi/src/sapi_gpio.o
                                                  out/libs/lpc_board_ciaa_edu_4337/src/board.o
Chip_GPIO_SetDir                                  out/libs/lpc_chip_43xx/src/gpio_18xx_43xx.o
                                                  out/libs/sapi/src/sapi_gpio.o
Chip_GPIO_SetPinDIR                               out/libs/lpc_chip_43xx/src/gpio_18xx_43xx.o
Chip_GPIO_SetPortDIR                              out/libs/lpc_chip_43xx/src/gpio_18xx_43xx.o
Chip_GPIO_WriteDirBit                             out/libs/lpc_chip_43xx/src/gpio_18xx_43xx.o
Chip_HSADC_DeInit                                 out/libs/lpc_chip_43xx/src/hsadc_18xx_43xx.o
Chip_HSADC_Init                                   out/libs/lpc_chip_43xx/src/hsadc_18xx_43xx.o
Chip_HSADC_SetACDCBias                            out/libs/lpc_chip_43xx/src/hsadc_18xx_43xx.o
Chip_HSADC_SetPowerSpeed                          out/libs/lpc_chip_43xx/src/hsadc_18xx_43xx.o
Chip_HSADC_SetSpeed                               out/libs/lpc_chip_43xx/src/hsadc_18xx_43xx.o
Chip_HSADC_SetThrHighValue                        out/libs/lpc_chip_43xx/src/hsadc_18xx_43xx.o
Chip_HSADC_SetThrLowValue                         out/libs/lpc_chip_43xx/src/hsadc_18xx_43xx.o
Chip_HSADC_SetupFIFO                              out/libs/lpc_chip_43xx/src/hsadc_18xx_43xx.o
Chip_I2CM_DeInit                                  out/libs/lpc_chip_43xx/src/i2cm_18xx_43xx.o
Chip_I2CM_Init                                    out/libs/lpc_chip_43xx/src/i2cm_18xx_43xx.o
Chip_I2CM_Read                                    out/libs/lpc_chip_43xx/src/i2cm_18xx_43xx.o
Chip_I2CM_SetBusSpeed                             out/libs/lpc_chip_43xx/src/i2cm_18xx_43xx.o
Chip_I2CM_Write                                   out/libs/lpc_chip_43xx/src/i2cm_18xx_43xx.o
Chip_I2CM_Xfer                                    out/libs/lpc_chip_43xx/src/i2cm_18xx_43xx.o
Chip_I2CM_XferBlocking                            out/libs/lpc_chip_43xx/src/i2cm_18xx_43xx.o
                                                  out/libs/sapi/src/sapi_i2c.o
Chip_I2CM_XferHandler                             out/libs/lpc_chip_43xx/src/i2cm_18xx_43xx.o
Chip_I2C_DeInit                                   out/libs/lpc_chip_43xx/src/i2c_18xx_43xx.o
Chip_I2C_Disable                                  out/libs/lpc_chip_43xx/src/i2c_18xx_43xx.o
Chip_I2C_EventHandler                             out/libs/lpc_chip_43xx/src/i2c_18xx_43xx.o
Chip_I2C_EventHandlerPolling                      out/libs/lpc_chip_43xx/src/i2c_18xx_43xx.o
                                                  out/libs/sapi/src/sapi_i2c.o
Chip_I2C_GetClockRate                             out/libs/lpc_chip_43xx/src/i2c_18xx_43xx.o
Chip_I2C_GetMasterEventHandler                    out/libs/lpc_chip_43xx/src/i2c_18xx_43xx.o
Chip_I2C_Init                                     out/libs/lpc_chip_43xx/src/i2c_18xx_43xx.o
                                                  out/libs/sapi/src/sapi_i2c.o
Chip_I2C_IsMasterActive                           out/libs/lpc_chip_43xx/src/i2c_18xx_43xx.o
Chip_I2C_IsStateChanged                           out/libs/lpc_chip_43xx/src/i2c_18xx_43xx.o
Chip_I2C_MasterCmdRead                            out/libs/lpc_chip_43xx/src/i2c_18xx_43xx.o
Chip_I2C_MasterRead                               out/libs/lpc_chip_43xx/src/i2c_18xx_43xx.o
Chip_I2C_MasterSend                               out/libs/lpc_chip_43xx/src/i2c_18xx_43xx.o
Chip_I2C_MasterStateHandler                       out/libs/lpc_chip_43xx/src/i2c_18xx_43xx.o
Chip_I2C_MasterTransfer                           out/libs/lpc_chip_43xx/src/i2c_18xx_43xx.o
Chip_I2C_SetClockRate                             out/libs/lpc_chip_43xx/src/i2c_18xx_43xx.o
                                                  out/libs/sapi/src/sapi_i2c.o
Chip_I2C_SetMasterEventHandler                    out/libs/lpc_chip_43xx/src/i2c_18xx_43xx.o
                                                  out/libs/sapi/src/sapi_i2c.o
Chip_I2C_SlaveSetup                               out/libs/lpc_chip_43xx/src/i2c_18xx_43xx.o
Chip_I2C_SlaveStateHandler                        out/libs/lpc_chip_43xx/src/i2c_18xx_43xx.o
Chip_I2S_DMA_RxCmd                                out/libs/lpc_chip_43xx/src/i2s_18xx_43xx.o
Chip_I2S_DMA_TxCmd                                out/libs/lpc_chip_43xx/src/i2s_18xx_43xx.o
Chip_I2S_DeInit                                   out/libs/lpc_chip_43xx/src/i2s_18xx_43xx.o
Chip_I2S_Init                                     out/libs/lpc_chip_43xx/src/i2s_18xx_43xx.o
Chip_I2S_Int_RxCmd                                out/libs/lpc_chip_43xx/src/i2s_18xx_43xx.o
Chip_I2S_Int_TxCmd                                out/libs/lpc_chip_43xx/src/i2s_18xx_43xx.o
Chip_I2S_RxConfig                                 out/libs/lpc_chip_43xx/src/i2s_18xx_43xx.o
Chip_I2S_TxConfig                                 out/libs/lpc_chip_43xx/src/i2s_18xx_43xx.o
Chip_IAP_BlankCheckSector                         out/libs/lpc_chip_43xx/src/iap_18xx_43xx.o
Chip_IAP_Compare                                  out/libs/lpc_chip_43xx/src/iap_18xx_43xx.o
Chip_IAP_CopyRamToFlash                           out/libs/lpc_chip_43xx/src/iap_18xx_43xx.o
Chip_IAP_ErasePage                                out/libs/lpc_chip_43xx/src/iap_18xx_43xx.o
Chip_IAP_EraseSector                              out/libs/lpc_chip_43xx/src/iap_18xx_43xx.o
Chip_IAP_PreSectorForReadWrite                    out/libs/lpc_chip_43xx/src/iap_18xx_43xx.o
Chip_IAP_ReadBootCode                             out/libs/lpc_chip_43xx/src/iap_18xx_43xx.o
Chip_IAP_ReadPID                                  out/libs/lpc_chip_43xx/src/iap_18xx_43xx.o
Chip_IAP_ReadUID                                  out/libs/lpc_chip_43xx/src/iap_18xx_43xx.o
Chip_IAP_ReinvokeISP                              out/libs/lpc_chip_43xx/src/iap_18xx_43xx.o
Chip_IAP_SetBootFlashBank                         out/libs/lpc_chip_43xx/src/iap_18xx_43xx.o
Chip_LCD_Cursor_Config                            out/libs/lpc_chip_43xx/src/lcd_18xx_43xx.o
Chip_LCD_Cursor_WriteImage                        out/libs/lpc_chip_43xx/src/lcd_18xx_43xx.o
Chip_LCD_DeInit                                   out/libs/lpc_chip_43xx/src/lcd_18xx_43xx.o
Chip_LCD_Init                                     out/libs/lpc_chip_43xx/src/lcd_18xx_43xx.o
Chip_LCD_LoadPalette                              out/libs/lpc_chip_43xx/src/lcd_18xx_43xx.o
Chip_OTP_GenRand                                  out/libs/lpc_chip_43xx/src/otp_18xx_43xx.o
Chip_OTP_Init                                     out/libs/lpc_chip_43xx/src/otp_18xx_43xx.o
Chip_OTP_ProgBootSrc                              out/libs/lpc_chip_43xx/src/otp_18xx_43xx.o
Chip_OTP_ProgGPWord                               out/libs/lpc_chip_43xx/src/otp_18xx_43xx.o
Chip_OTP_ProgJTAGDis                              out/libs/lpc_chip_43xx/src/otp_18xx_43xx.o
Chip_OTP_ProgKey                                  out/libs/lpc_chip_43xx/src/otp_18xx_43xx.o
Chip_OTP_ProgUSBID                                out/libs/lpc_chip_43xx/src/otp_18xx_43xx.o
Chip_PMC_Set_PwrState                             out/libs/lpc_chip_43xx/src/pmc_18xx_43xx.o
Chip_PMC_Sleep                                    out/libs/lpc_chip_43xx/src/pmc_18xx_43xx.o
Chip_RIT_DeInit                                   out/libs/lpc_chip_43xx/src/ritimer_18xx_43xx.o
Chip_RIT_GetIntStatus                             out/libs/lpc_chip_43xx/src/ritimer_18xx_43xx.o
Chip_RIT_Init                                     out/libs/lpc_chip_43xx/src/ritimer_18xx_43xx.o
Chip_RIT_SetTimerInterval                         out/libs/lpc_chip_43xx/src/ritimer_18xx_43xx.o
Chip_RTC_AlarmIntConfig                           out/libs/lpc_chip_43xx/src/rtc_18xx_43xx.o
Chip_RTC_CalibCounterCmd                          out/libs/lpc_chip_43xx/src/rtc_18xx_43xx.o
Chip_RTC_CntIncrIntConfig                         out/libs/lpc_chip_43xx/src/rtc_18xx_43xx.o
Chip_RTC_DeInit                                   out/libs/lpc_chip_43xx/src/rtc_18xx_43xx.o
Chip_RTC_EV_GetFirstTimeStamp                     out/libs/lpc_chip_43xx/src/rtc_18xx_43xx.o
Chip_RTC_EV_GetLastTimeStamp                      out/libs/lpc_chip_43xx/src/rtc_18xx_43xx.o
Chip_RTC_Enable                                   out/libs/lpc_chip_43xx/src/rtc_18xx_43xx.o
                                                  out/libs/sapi/src/sapi_rtc.o
Chip_RTC_GetFullAlarmTime                         out/libs/lpc_chip_43xx/src/rtc_18xx_43xx.o
Chip_RTC_GetFullTime                              out/libs/lpc_chip_43xx/src/rtc_18xx_43xx.o
                                                  out/libs/sapi/src/sapi_rtc.o
Chip_RTC_Init                                     out/libs/lpc_chip_43xx/src/rtc_18xx_43xx.o
                                                  out/libs/sapi/src/sapi_rtc.o
Chip_RTC_ResetClockTickCounter                    out/libs/lpc_chip_43xx/src/rtc_18xx_43xx.o
Chip_RTC_SetFullAlarmTime                         out/libs/lpc_chip_43xx/src/rtc_18xx_43xx.o
Chip_RTC_SetFullTime                              out/libs/lpc_chip_43xx/src/rtc_18xx_43xx.o
                                                  out/libs/sapi/src/sapi_rtc.o
Chip_SCTPWM_SetOutPin                             out/libs/lpc_chip_43xx/src/sct_pwm_18xx_43xx.o
                                                  out/libs/sapi/src/sapi_sct.o
Chip_SCTPWM_SetRate                               out/libs/lpc_chip_43xx/src/sct_pwm_18xx_43xx.o
                                                  out/libs/sapi/src/sapi_sct.o
Chip_SCT_DeInit                                   out/libs/lpc_chip_43xx/src/sct_18xx_43xx.o
Chip_SCT_Init                                     out/libs/lpc_chip_43xx/src/sct_18xx_43xx.o
                                                  out/libs/sapi/src/sapi_sct.o
Chip_SCT_SetClrControl                            out/libs/lpc_chip_43xx/src/sct_18xx_43xx.o
Chip_SCT_SetConflictResolution                    out/libs/lpc_chip_43xx/src/sct_18xx_43xx.o
Chip_SDIF_DeInit                                  out/libs/lpc_chip_43xx/src/sdif_18xx_43xx.o
Chip_SDIF_DmaSetup                                out/libs/lpc_chip_43xx/src/sdif_18xx_43xx.o
                                                  out/libs/lpc_chip_43xx/src/sdmmc_18xx_43xx.o
                                                  out/libs/lpc_chip_43xx/src/sdio_18xx_43xx.o
Chip_SDIF_GetResponse                             out/libs/lpc_chip_43xx/src/sdif_18xx_43xx.o
                                                  out/libs/lpc_chip_43xx/src/sdmmc_18xx_43xx.o
                                                  out/libs/lpc_chip_43xx/src/sdio_18xx_43xx.o
Chip_SDIF_Init                                    out/libs/lpc_chip_43xx/src/sdif_18xx_43xx.o
Chip_SDIF_SendCmd                                 out/libs/lpc_chip_43xx/src/sdif_18xx_43xx.o
                                                  out/libs/lpc_chip_43xx/src/sdmmc_18xx_43xx.o
                                                  out/libs/lpc_chip_43xx/src/sdio_18xx_43xx.o
Chip_SDIF_SetClearIntFifo                         out/libs/lpc_chip_43xx/src/sdif_18xx_43xx.o
                                                  out/libs/lpc_chip_43xx/src/sdmmc_18xx_43xx.o
Chip_SDIF_SetClock                                out/libs/lpc_chip_43xx/src/sdif_18xx_43xx.o
                                                  out/libs/lpc_chip_43xx/src/sdmmc_18xx_43xx.o
                                                  out/libs/lpc_chip_43xx/src/sdio_18xx_43xx.o
Chip_SDMMC_Acquire                                out/libs/lpc_chip_43xx/src/sdmmc_18xx_43xx.o
Chip_SDMMC_GetDeviceBlocks                        out/libs/lpc_chip_43xx/src/sdmmc_18xx_43xx.o
Chip_SDMMC_GetDeviceSize                          out/libs/lpc_chip_43xx/src/sdmmc_18xx_43xx.o
Chip_SDMMC_GetState                               out/libs/lpc_chip_43xx/src/sdmmc_18xx_43xx.o
Chip_SDMMC_ReadBlocks                             out/libs/lpc_chip_43xx/src/sdmmc_18xx_43xx.o
Chip_SDMMC_WriteBlocks                            out/libs/lpc_chip_43xx/src/sdmmc_18xx_43xx.o
Chip_SPI_DeInit                                   out/libs/lpc_chip_43xx/src/spi_18xx_43xx.o
Chip_SPI_Init                                     out/libs/lpc_chip_43xx/src/spi_18xx_43xx.o
Chip_SPI_Int_FlushData                            out/libs/lpc_chip_43xx/src/spi_18xx_43xx.o
Chip_SPI_Int_RWFrames                             out/libs/lpc_chip_43xx/src/spi_18xx_43xx.o
Chip_SPI_Int_RWFrames16Bits                       out/libs/lpc_chip_43xx/src/spi_18xx_43xx.o
Chip_SPI_Int_RWFrames8Bits                        out/libs/lpc_chip_43xx/src/spi_18xx_43xx.o
Chip_SPI_RWFrames_Blocking                        out/libs/lpc_chip_43xx/src/spi_18xx_43xx.o
Chip_SPI_SetBitRate                               out/libs/lpc_chip_43xx/src/spi_18xx_43xx.o
Chip_SSP_DeInit                                   out/libs/lpc_chip_43xx/src/ssp_18xx_43xx.o
Chip_SSP_Init                                     out/libs/lpc_chip_43xx/src/ssp_18xx_43xx.o
Chip_SSP_Int_FlushData                            out/libs/lpc_chip_43xx/src/ssp_18xx_43xx.o
Chip_SSP_Int_RWFrames16Bits                       out/libs/lpc_chip_43xx/src/ssp_18xx_43xx.o
Chip_SSP_Int_RWFrames8Bits                        out/libs/lpc_chip_43xx/src/ssp_18xx_43xx.o
Chip_SSP_RWFrames_Blocking                        out/libs/lpc_chip_43xx/src/ssp_18xx_43xx.o
Chip_SSP_ReadFrames_Blocking                      out/libs/lpc_chip_43xx/src/ssp_18xx_43xx.o
Chip_SSP_SetBitRate                               out/libs/lpc_chip_43xx/src/ssp_18xx_43xx.o
Chip_SSP_SetClockRate                             out/libs/lpc_chip_43xx/src/ssp_18xx_43xx.o
Chip_SSP_SetMaster                                out/libs/lpc_chip_43xx/src/ssp_18xx_43xx.o
Chip_SSP_WriteFrames_Blocking                     out/libs/lpc_chip_43xx/src/ssp_18xx_43xx.o
Chip_SetupCoreClock                               out/libs/lpc_chip_43xx/src/sysinit_18xx_43xx.o
                                                  out/libs/lpc_board_ciaa_edu_4337/src/board_sysinit.o
Chip_SetupIrcClocking                             out/libs/lpc_chip_43xx/src/sysinit_18xx_43xx.o
Chip_SetupXtalClocking                            out/libs/lpc_chip_43xx/src/sysinit_18xx_43xx.o
Chip_SystemInit                                   out/libs/lpc_chip_43xx/src/sysinit_18xx_43xx.o
Chip_TIMER_DeInit                                 out/libs/lpc_chip_43xx/src/timer_18xx_43xx.o
                                                  out/libs/sapi/src/sapi_timer.o
Chip_TIMER_ExtMatchControlSet                     out/libs/lpc_chip_43xx/src/timer_18xx_43xx.o
Chip_TIMER_Init                                   out/libs/lpc_chip_43xx/src/timer_18xx_43xx.o
                                                  out/libs/sapi/src/sapi_timer.o
                                                  out/libs/lpc_chip_43xx/src/stopwatch_18xx_43xx.o
Chip_TIMER_Reset                                  out/libs/lpc_chip_43xx/src/timer_18xx_43xx.o
                                                  out/libs/sapi/src/sapi_timer.o
Chip_UART_ABCmd                                   out/libs/lpc_chip_43xx/src/uart_18xx_43xx.o
Chip_UART_CheckBusy                               out/libs/lpc_chip_43xx/src/uart_18xx_43xx.o
Chip_UART_DeInit                                  out/libs/lpc_chip_43xx/src/uart_18xx_43xx.o
Chip_UART_GetABEOStatus                           out/libs/lpc_chip_43xx/src/uart_18xx_43xx.o
Chip_UART_IRQRBHandler                            out/libs/lpc_chip_43xx/src/uart_18xx_43xx.o
Chip_UART_Init                                    out/libs/lpc_chip_43xx/src/uart_18xx_43xx.o
                                                  out/libs/sapi/src/sapi_uart.o
                                                  out/libs/lpc_board_ciaa_edu_4337/src/board.o
Chip_UART_RXIntHandlerRB                          out/libs/lpc_chip_43xx/src/uart_18xx_43xx.o
Chip_UART_Read                                    out/libs/lpc_chip_43xx/src/uart_18xx_43xx.o
Chip_UART_ReadBlocking                            out/libs/lpc_chip_43xx/src/uart_18xx_43xx.o
Chip_UART_ReadRB                                  out/libs/lpc_chip_43xx/src/uart_18xx_43xx.o
Chip_UART_Send                                    out/libs/lpc_chip_43xx/src/uart_18xx_43xx.o
Chip_UART_SendBlocking                            out/libs/lpc_chip_43xx/src/uart_18xx_43xx.o
Chip_UART_SendRB                                  out/libs/lpc_chip_43xx/src/uart_18xx_43xx.o
Chip_UART_SetBaud                                 out/libs/lpc_chip_43xx/src/uart_18xx_43xx.o
                                                  out/libs/sapi/src/sapi_uart.o
Chip_UART_SetBaudFDR                              out/libs/lpc_chip_43xx/src/uart_18xx_43xx.o
                                                  out/libs/lpc_board_ciaa_edu_4337/src/board.o
Chip_UART_TXIntHandlerRB                          out/libs/lpc_chip_43xx/src/uart_18xx_43xx.o
Chip_USB0_Init                                    out/libs/lpc_chip_43xx/src/chip_18xx_43xx.o
Chip_USB1_Init                                    out/libs/lpc_chip_43xx/src/chip_18xx_43xx.o
Chip_WWDT_ClearStatusFlag                         out/libs/lpc_chip_43xx/src/wwdt_18xx_43xx.o
Chip_WWDT_DeInit                                  out/libs/lpc_chip_43xx/src/wwdt_18xx_43xx.o
Chip_WWDT_Init                                    out/libs/lpc_chip_43xx/src/wwdt_18xx_43xx.o
DAC_IRQHandler                                    out/libs/lpc_board_ciaa_edu_4337/src/cr_startup_lpc43xx.o
DMA_IRQHandler                                    out/libs/lpc_board_ciaa_edu_4337/src/cr_startup_lpc43xx.o